src/App.tsx(54,35): error TS2345: Argument of type '{ id: string; name: string; createdAt: Date; updatedAt: Date; }' is not assignable to parameter of type 'Household'.
  Property 'ownerId' is missing in type '{ id: string; name: string; createdAt: Date; updatedAt: Date; }' but required in type 'Household'.
src/App.tsx(55,11): error TS2741: Property 'ownerId' is missing in type '{ id: string; name: string; createdAt: Date; updatedAt: Date; }' but required in type 'Household'.
src/App.tsx(63,26): error TS18048: 'household' is possibly 'undefined'.
src/App.tsx(67,30): error TS2345: Argument of type '{ id: string; name: string; email: string; householdId: string; createdAt: Date; updatedAt: Date; }' is not assignable to parameter of type 'User'.
  Property 'isActive' is missing in type '{ id: string; name: string; email: string; householdId: string; createdAt: Date; updatedAt: Date; }' but required in type 'User'.
src/App.tsx(68,11): error TS2741: Property 'isActive' is missing in type '{ id: string; name: string; email: string; householdId: string; createdAt: Date; updatedAt: Date; }' but required in type 'User'.
src/App.tsx(72,29): error TS2345: Argument of type 'Household | undefined' is not assignable to parameter of type 'Household | null'.
  Type 'undefined' is not assignable to type 'Household | null'.
src/App.tsx(73,24): error TS2345: Argument of type 'User | undefined' is not assignable to parameter of type 'User | null'.
  Type 'undefined' is not assignable to type 'User | null'.
src/App.tsx(76,72): error TS18048: 'household' is possibly 'undefined'.
src/App.tsx(78,57): error TS18048: 'household' is possibly 'undefined'.
src/components/ConfirmDialog.tsx(2,3): error TS2614: Module '"@/components/ui/*"' has no exported member 'AlertDialog'. Did you mean to use 'import AlertDialog from "@/components/ui/*"' instead?
src/components/ConfirmDialog.tsx(3,3): error TS2614: Module '"@/components/ui/*"' has no exported member 'AlertDialogAction'. Did you mean to use 'import AlertDialogAction from "@/components/ui/*"' instead?
src/components/ConfirmDialog.tsx(4,3): error TS2614: Module '"@/components/ui/*"' has no exported member 'AlertDialogCancel'. Did you mean to use 'import AlertDialogCancel from "@/components/ui/*"' instead?
src/components/ConfirmDialog.tsx(5,3): error TS2614: Module '"@/components/ui/*"' has no exported member 'AlertDialogContent'. Did you mean to use 'import AlertDialogContent from "@/components/ui/*"' instead?
src/components/ConfirmDialog.tsx(6,3): error TS2614: Module '"@/components/ui/*"' has no exported member 'AlertDialogDescription'. Did you mean to use 'import AlertDialogDescription from "@/components/ui/*"' instead?
src/components/ConfirmDialog.tsx(7,3): error TS2614: Module '"@/components/ui/*"' has no exported member 'AlertDialogFooter'. Did you mean to use 'import AlertDialogFooter from "@/components/ui/*"' instead?
src/components/ConfirmDialog.tsx(8,3): error TS2614: Module '"@/components/ui/*"' has no exported member 'AlertDialogHeader'. Did you mean to use 'import AlertDialogHeader from "@/components/ui/*"' instead?
src/components/ConfirmDialog.tsx(9,3): error TS2614: Module '"@/components/ui/*"' has no exported member 'AlertDialogTitle'. Did you mean to use 'import AlertDialogTitle from "@/components/ui/*"' instead?
src/components/ConfirmDialog.tsx(10,3): error TS2614: Module '"@/components/ui/*"' has no exported member 'AlertDialogTrigger'. Did you mean to use 'import AlertDialogTrigger from "@/components/ui/*"' instead?
src/components/ConfirmDialog.tsx(103,5): error TS6133: 'confirmLabel' is declared but its value is never read.
src/components/ConfirmDialog.tsx(104,5): error TS6133: 'variant' is declared but its value is never read.
src/components/DataExporter.tsx(2,50): error TS2724: '"lucide-react"' has no exported member named 'Pills'. Did you mean 'Pill'?
src/components/DataExporter.tsx(4,10): error TS2614: Module '"@/components/ui/*"' has no exported member 'Checkbox'. Did you mean to use 'import Checkbox from "@/components/ui/*"' instead?
src/components/DataExporter.tsx(5,10): error TS2614: Module '"@/components/ui/*"' has no exported member 'RadioGroup'. Did you mean to use 'import RadioGroup from "@/components/ui/*"' instead?
src/components/DataExporter.tsx(5,22): error TS2614: Module '"@/components/ui/*"' has no exported member 'RadioGroupItem'. Did you mean to use 'import RadioGroupItem from "@/components/ui/*"' instead?
src/components/DataExporter.tsx(6,10): error TS2614: Module '"@/components/ui/*"' has no exported member 'Badge'. Did you mean to use 'import Badge from "@/components/ui/*"' instead?
src/components/DataExporter.tsx(115,29): error TS7006: Parameter 'value' implicitly has an 'any' type.
src/components/DataExporter.tsx(138,29): error TS7006: Parameter 'value' implicitly has an 'any' type.
src/components/Layout.tsx(4,10): error TS2614: Module '"@/components/ui/*"' has no exported member 'Badge'. Did you mean to use 'import Badge from "@/components/ui/*"' instead?
src/components/NotificationCenter.tsx(4,10): error TS2614: Module '"@/components/ui/*"' has no exported member 'Badge'. Did you mean to use 'import Badge from "@/components/ui/*"' instead?
src/components/NotificationCenter.tsx(6,3): error TS2614: Module '"@/components/ui/*"' has no exported member 'Popover'. Did you mean to use 'import Popover from "@/components/ui/*"' instead?
src/components/NotificationCenter.tsx(7,3): error TS2614: Module '"@/components/ui/*"' has no exported member 'PopoverContent'. Did you mean to use 'import PopoverContent from "@/components/ui/*"' instead?
src/components/NotificationCenter.tsx(8,3): error TS2614: Module '"@/components/ui/*"' has no exported member 'PopoverTrigger'. Did you mean to use 'import PopoverTrigger from "@/components/ui/*"' instead?
src/components/NotificationCenter.tsx(10,10): error TS2614: Module '"@/components/ui/*"' has no exported member 'ScrollArea'. Did you mean to use 'import ScrollArea from "@/components/ui/*"' instead?
src/components/ProFeatureBlocker.tsx(12,10): error TS2614: Module '"@/components/ui/*"' has no exported member 'Badge'. Did you mean to use 'import Badge from "@/components/ui/*"' instead?
src/components/PWAStatus.tsx(1,8): error TS6133: 'React' is declared but its value is never read.
src/components/PWAStatus.tsx(17,10): error TS2614: Module '"@/components/ui/*"' has no exported member 'Badge'. Did you mean to use 'import Badge from "@/components/ui/*"' instead?
src/components/PWAStatus.tsx(18,10): error TS2614: Module '"@/components/ui/*"' has no exported member 'Alert'. Did you mean to use 'import Alert from "@/components/ui/*"' instead?
src/components/PWAStatus.tsx(18,17): error TS2614: Module '"@/components/ui/*"' has no exported member 'AlertDescription'. Did you mean to use 'import AlertDescription from "@/components/ui/*"' instead?
src/components/PWAStatus.tsx(27,10): error TS6133: 'showDetails' is declared but its value is never read.
src/components/PWAStatus.tsx(27,23): error TS6133: 'setShowDetails' is declared but its value is never read.
src/components/PWAStatus.tsx(144,54): error TS2322: Type '{ className: string; title: string; }' is not assignable to type 'IntrinsicAttributes & Omit<LucideProps, "ref"> & RefAttributes<SVGSVGElement>'.
  Property 'title' does not exist on type 'IntrinsicAttributes & Omit<LucideProps, "ref"> & RefAttributes<SVGSVGElement>'.
src/components/PWAStatus.tsx(146,55): error TS2322: Type '{ className: string; title: string; }' is not assignable to type 'IntrinsicAttributes & Omit<LucideProps, "ref"> & RefAttributes<SVGSVGElement>'.
  Property 'title' does not exist on type 'IntrinsicAttributes & Omit<LucideProps, "ref"> & RefAttributes<SVGSVGElement>'.
src/components/ResponsiveComponents.tsx(10,14): error TS2503: Cannot find namespace 'JSX'.
src/components/ResponsiveComponents.tsx(38,6): error TS2604: JSX element type 'Component' does not have any construct or call signatures.
src/components/ResponsiveComponents.tsx(38,6): error TS2786: 'Component' cannot be used as a JSX component.
  Its type 'string | number | symbol' is not a valid JSX element type.
    Type 'number' is not assignable to type 'ElementType'.
src/components/ResponsiveComponents.tsx(64,14): error TS2503: Cannot find namespace 'JSX'.
src/components/ResponsiveComponents.tsx(89,6): error TS2604: JSX element type 'Component' does not have any construct or call signatures.
src/components/ResponsiveComponents.tsx(89,6): error TS2786: 'Component' cannot be used as a JSX component.
  Its type 'string | number | symbol' is not a valid JSX element type.
    Type 'number' is not assignable to type 'ElementType'.
src/components/ResponsiveComponents.tsx(114,14): error TS2503: Cannot find namespace 'JSX'.
src/components/ResponsiveComponents.tsx(157,6): error TS2604: JSX element type 'Component' does not have any construct or call signatures.
src/components/ResponsiveComponents.tsx(157,6): error TS2786: 'Component' cannot be used as a JSX component.
  Its type 'string | number | symbol' is not a valid JSX element type.
    Type 'number' is not assignable to type 'ElementType'.
src/components/ThemeToggle.tsx(5,3): error TS2614: Module '"@/components/ui/*"' has no exported member 'DropdownMenu'. Did you mean to use 'import DropdownMenu from "@/components/ui/*"' instead?
src/components/ThemeToggle.tsx(6,3): error TS2614: Module '"@/components/ui/*"' has no exported member 'DropdownMenuContent'. Did you mean to use 'import DropdownMenuContent from "@/components/ui/*"' instead?
src/components/ThemeToggle.tsx(7,3): error TS2614: Module '"@/components/ui/*"' has no exported member 'DropdownMenuItem'. Did you mean to use 'import DropdownMenuItem from "@/components/ui/*"' instead?
src/components/ThemeToggle.tsx(8,3): error TS2614: Module '"@/components/ui/*"' has no exported member 'DropdownMenuTrigger'. Did you mean to use 'import DropdownMenuTrigger from "@/components/ui/*"' instead?
src/components/ui/calendar.tsx(54,20): error TS6133: 'props' is declared but its value is never read.
src/components/ui/calendar.tsx(55,21): error TS6133: 'props' is declared but its value is never read.
src/components/ui/date-picker.tsx(3,1): error TS6133: 'Button' is declared but its value is never read.
src/core/db/database.ts(252,36): error TS2365: Operator '>=' cannot be applied to types 'string' and 'Date'.
src/core/db/database.ts(256,36): error TS2365: Operator '<=' cannot be applied to types 'string' and 'Date'.
src/core/db/database.ts(302,7): error TS2322: Type 'Date' is not assignable to type 'string | PropModification | undefined'.
src/core/db/database.ts(303,7): error TS2322: Type 'Date' is not assignable to type 'string | PropModification | undefined'.
src/core/store/index.ts(116,19): error TS6133: 'get' is declared but its value is never read.
src/core/sync/FirebaseAdapter.stub.ts(1,39): error TS6133: 'PresenceInfo' is declared but its value is never read.
src/core/sync/FirebaseAdapter.stub.ts(47,11): error TS6133: 'firebaseApp' is declared but its value is never read.
src/core/sync/FirebaseAdapter.stub.ts(48,11): error TS6133: 'firestore' is declared but its value is never read.
src/core/sync/FirebaseAdapter.stub.ts(49,11): error TS6133: 'auth' is declared but its value is never read.
src/core/sync/FirebaseAdapter.stub.ts(50,11): error TS6133: 'unsubscribers' is declared but its value is never read.
src/core/sync/FirebaseAdapter.stub.ts(207,11): error TS6133: 'getCollectionName' is declared but its value is never read.
src/core/sync/FirebaseAdapter.stub.ts(220,11): error TS6133: 'setupRealtimeListeners' is declared but its value is never read.
src/core/sync/FirebaseAdapter.stub.ts(220,34): error TS6133: 'householdId' is declared but its value is never read.
src/core/sync/index.ts(88,34): error TS2554: Expected 1 arguments, but got 0.
src/core/sync/index.ts(92,38): error TS2554: Expected 1 arguments, but got 0.
src/core/sync/index.ts(100,28): error TS6133: 'adapter' is declared but its value is never read.
src/core/sync/index.ts(168,44): error TS6133: 'userId' is declared but its value is never read.
src/core/sync/index.ts(179,28): error TS2339: Property 'sync' does not exist on type 'SyncAdapter'.
src/core/sync/index.ts(186,33): error TS6133: 'name' is declared but its value is never read.
src/core/sync/index.ts(187,19): error TS2339: Property 'sync' does not exist on type 'SyncAdapter'.
src/core/sync/index.ts(397,3): error TS1205: Re-exporting a type when 'isolatedModules' is enabled requires using 'export type'.
src/core/sync/LocalAdapter.ts(1,39): error TS6133: 'PresenceInfo' is declared but its value is never read.
src/core/sync/RealtimeSync.ts(45,11): error TS6133: 'syncQueue' is declared but its value is never read.
src/core/sync/RealtimeSync.ts(46,11): error TS6133: 'eventHandlers' is declared but its value is never read.
src/core/sync/RealtimeSync.ts(250,15): error TS6133: 'version' is declared but its value is never read.
src/core/utils/calculations.ts(11,3): error TS6133: 'isBefore' is declared but its value is never read.
src/core/utils/calculations.ts(179,9): error TS2538: Type 'undefined' cannot be used as an index type.
src/core/utils/calculations.ts(179,36): error TS2538: Type 'undefined' cannot be used as an index type.
src/core/utils/calculations.ts(189,9): error TS2538: Type 'undefined' cannot be used as an index type.
src/core/utils/calculations.ts(189,39): error TS2538: Type 'undefined' cannot be used as an index type.
src/core/utils/validators.ts(1,39): error TS6133: 'isPast' is declared but its value is never read.
src/features/accounts/services/accountService.ts(15,38): error TS2345: Argument of type '{ createdAt: string; updatedAt: string; name: string; householdId: string; currency?: string | undefined; description?: string | undefined; balance?: number | undefined; }' is not assignable to parameter of type '{ id: string; householdId: string; name: string; balance?: number | undefined; currency?: string | undefined; description?: string | undefined; createdAt?: string | undefined; updatedAt?: string | undefined; }'.
  Property 'id' is missing in type '{ createdAt: string; updatedAt: string; name: string; householdId: string; currency?: string | undefined; description?: string | undefined; balance?: number | undefined; }' but required in type '{ id: string; householdId: string; name: string; balance?: number | undefined; currency?: string | undefined; description?: string | undefined; createdAt?: string | undefined; updatedAt?: string | undefined; }'.
src/features/accounts/services/accountService.ts(32,62): error TS6133: 'notes' is declared but its value is never read.
src/features/auth/pages/LoginPage.tsx(4,41): error TS7016: Could not find a declaration file for module '../../../components/ui/alert'. 'C:/Users/bleno/Videos/despesas-b-f/src/components/ui/alert.jsx' implicitly has an 'any' type.
src/features/calendar/components/EventDetailsModal.tsx(1,1): error TS6133: 'React' is declared but its value is never read.
src/features/calendar/components/EventDetailsModal.tsx(2,10): error TS6133: 'X' is declared but its value is never read.
src/features/calendar/components/EventDetailsModal.tsx(13,10): error TS2614: Module '"@/components/ui/*"' has no exported member 'Badge'. Did you mean to use 'import Badge from "@/components/ui/*"' instead?
src/features/calendar/components/EventForm.tsx(2,23): error TS6133: 'Clock' is declared but its value is never read.
src/features/calendar/components/EventForm.tsx(2,57): error TS6133: 'Repeat' is declared but its value is never read.
src/features/calendar/components/EventForm.tsx(5,1): error TS6133: 'ptBR' is declared but its value is never read.
src/features/calendar/components/EventForm.tsx(158,9): error TS6133: 'selectedCategory' is declared but its value is never read.
src/features/calendar/hooks/useCalendar.ts(4,10): error TS6133: 'CalendarEvent' is declared but its value is never read.
src/features/calendar/hooks/useCalendar.ts(4,48): error TS6133: 'CalendarEventFilter' is declared but its value is never read.
src/features/docs/services/documentService.ts(2,43): error TS6196: 'DocumentFilter' is declared but never used.
src/features/docs/services/documentService.ts(2,80): error TS6196: 'DocumentStats' is declared but never used.
src/features/docs/services/documentService.ts(3,40): error TS6133: 'hasFileStats' is declared but its value is never read.
src/features/docs/services/documentService.ts(3,60): error TS2307: Cannot find module '../types/guards' or its corresponding type declarations.
src/features/docs/services/documentService.ts(4,29): error TS2307: Cannot find module './blobStorage' or its corresponding type declarations.
src/features/docs/services/documentService.ts(9,6): error TS6196: 'DocumentWithAttachment' is declared but never used.
src/features/docs/services/documentService.ts(149,13): error TS18048: 'doc.fileName' is possibly 'undefined'.
src/features/docs/services/documentService.ts(167,30): error TS18048: 'doc.mimeType' is possibly 'undefined'.
src/features/docs/services/documentService.ts(171,47): error TS18048: 'doc.fileSize' is possibly 'undefined'.
src/features/docs/services/documentService.ts(175,47): error TS18048: 'doc.fileSize' is possibly 'undefined'.
src/features/docs/services/documentService.ts(251,19): error TS2322: Type 'boolean | undefined' is not assignable to type 'boolean'.
  Type 'undefined' is not assignable to type 'boolean'.
src/features/docs/services/documentService.ts(306,11): error TS18048: 'doc.fileName' is possibly 'undefined'.
src/features/docs/services/documentService.ts(324,16): error TS18048: 'doc.mimeType' is possibly 'undefined'.
src/features/docs/services/documentService.ts(369,28): error TS18048: 'doc.mimeType' is possibly 'undefined'.
src/features/docs/services/documentService.ts(504,26): error TS18048: 'aSize' is possibly 'undefined'.
src/features/docs/services/documentService.ts(504,34): error TS18048: 'bSize' is possibly 'undefined'.
src/features/docs/services/documentService.ts(515,26): error TS18048: 'aName' is possibly 'undefined'.
src/features/docs/services/documentService.ts(515,46): error TS2769: No overload matches this call.
  Overload 1 of 3, '(that: string, locales?: LocalesArgument, options?: CollatorOptions | undefined): number', gave the following error.
    Argument of type 'string | undefined' is not assignable to parameter of type 'string'.
      Type 'undefined' is not assignable to type 'string'.
  Overload 2 of 3, '(that: string, locales?: string | string[] | undefined, options?: CollatorOptions | undefined): number', gave the following error.
    Argument of type 'string | undefined' is not assignable to parameter of type 'string'.
      Type 'undefined' is not assignable to type 'string'.
  Overload 3 of 3, '(that: string): number', gave the following error.
    Argument of type 'string | undefined' is not assignable to parameter of type 'string'.
      Type 'undefined' is not assignable to type 'string'.
src/features/docs/types.ts(2,1): error TS6133: 'ATTACHMENTS_ENABLED' is declared but its value is never read.
src/features/expenses/components/__tests__/ExpenseForm.test.tsx(2,26): error TS6133: 'fireEvent' is declared but its value is never read.
src/features/expenses/components/__tests__/ExpenseForm.test.tsx(69,20): error TS2322: Type '{ onSuccess: Mock<Procedure>; onCancel: Mock<Procedure>; }' is not assignable to type 'IntrinsicAttributes & ExpenseFormProps'.
  Property 'onSuccess' does not exist on type 'IntrinsicAttributes & ExpenseFormProps'.
src/features/expenses/components/__tests__/ExpenseForm.test.tsx(85,20): error TS2322: Type '{ onSuccess: Mock<Procedure>; onCancel: Mock<Procedure>; }' is not assignable to type 'IntrinsicAttributes & ExpenseFormProps'.
  Property 'onSuccess' does not exist on type 'IntrinsicAttributes & ExpenseFormProps'.
src/features/expenses/components/__tests__/ExpenseForm.test.tsx(103,20): error TS2322: Type '{ onSuccess: Mock<Procedure>; onCancel: Mock<Procedure>; }' is not assignable to type 'IntrinsicAttributes & ExpenseFormProps'.
  Property 'onSuccess' does not exist on type 'IntrinsicAttributes & ExpenseFormProps'.
src/features/expenses/components/__tests__/ExpenseForm.test.tsx(136,9): error TS2322: Type '{ initialData: { id: string; description: string; amount: number; categoryId: string; date: Date; type: "expense"; paidBy: string; splitBetween: string[]; splitMethod: "equal"; tags: string[]; isRecurring: boolean; attachments: never[]; }; onSuccess: Mock<...>; onCancel: Mock<...>; }' is not assignable to type 'IntrinsicAttributes & ExpenseFormProps'.
  Property 'initialData' does not exist on type 'IntrinsicAttributes & ExpenseFormProps'.
src/features/expenses/components/__tests__/ExpenseForm.test.tsx(152,20): error TS2322: Type '{ onSuccess: Mock<Procedure>; onCancel: Mock<Procedure>; }' is not assignable to type 'IntrinsicAttributes & ExpenseFormProps'.
  Property 'onSuccess' does not exist on type 'IntrinsicAttributes & ExpenseFormProps'.
src/features/expenses/components/__tests__/ExpenseForm.test.tsx(166,20): error TS2322: Type '{ onSuccess: Mock<Procedure>; onCancel: Mock<Procedure>; }' is not assignable to type 'IntrinsicAttributes & ExpenseFormProps'.
  Property 'onSuccess' does not exist on type 'IntrinsicAttributes & ExpenseFormProps'.
src/features/expenses/components/__tests__/ExpenseForm.test.tsx(180,20): error TS2322: Type '{ onSuccess: Mock<Procedure>; onCancel: Mock<Procedure>; }' is not assignable to type 'IntrinsicAttributes & ExpenseFormProps'.
  Property 'onSuccess' does not exist on type 'IntrinsicAttributes & ExpenseFormProps'.
src/features/expenses/components/__tests__/ExpenseForm.test.tsx(197,20): error TS2322: Type '{ onSuccess: Mock<Procedure>; onCancel: Mock<Procedure>; }' is not assignable to type 'IntrinsicAttributes & ExpenseFormProps'.
  Property 'onSuccess' does not exist on type 'IntrinsicAttributes & ExpenseFormProps'.
src/features/expenses/components/__tests__/ExpenseForm.test.tsx(217,20): error TS2322: Type '{ onSuccess: Mock<Procedure>; onCancel: Mock<Procedure>; }' is not assignable to type 'IntrinsicAttributes & ExpenseFormProps'.
  Property 'onSuccess' does not exist on type 'IntrinsicAttributes & ExpenseFormProps'.
src/features/expenses/components/AdvancedSearch.tsx(1,8): error TS6133: 'React' is declared but its value is never read.
src/features/expenses/components/AdvancedSearch.tsx(4,3): error TS6133: 'MapPin' is declared but its value is never read.
src/features/expenses/components/AdvancedSearch.tsx(10,23): error TS7016: Could not find a declaration file for module '../../../components/ui/badge'. 'C:/Users/bleno/Videos/despesas-b-f/src/components/ui/badge.jsx' implicitly has an 'any' type.
src/features/expenses/components/AdvancedSearch.tsx(28,5): error TS6133: 'quickSearch' is declared but its value is never read.
src/features/expenses/components/AdvancedSearch.tsx(33,5): error TS6133: 'searchHistory' is declared but its value is never read.
src/features/expenses/components/BalanceSummary.tsx(1,8): error TS6133: 'React' is declared but its value is never read.
src/features/expenses/components/BalanceSummary.tsx(12,10): error TS2614: Module '"@/components/ui/*"' has no exported member 'Avatar'. Did you mean to use 'import Avatar from "@/components/ui/*"' instead?
src/features/expenses/components/BalanceSummary.tsx(12,18): error TS2614: Module '"@/components/ui/*"' has no exported member 'AvatarImage'. Did you mean to use 'import AvatarImage from "@/components/ui/*"' instead?
src/features/expenses/components/BalanceSummary.tsx(12,31): error TS2614: Module '"@/components/ui/*"' has no exported member 'AvatarFallback'. Did you mean to use 'import AvatarFallback from "@/components/ui/*"' instead?
src/features/expenses/components/BalanceSummary.tsx(14,3): error TS2614: Module '"@/components/ui/*"' has no exported member 'Table'. Did you mean to use 'import Table from "@/components/ui/*"' instead?
src/features/expenses/components/BalanceSummary.tsx(15,3): error TS2614: Module '"@/components/ui/*"' has no exported member 'TableBody'. Did you mean to use 'import TableBody from "@/components/ui/*"' instead?
src/features/expenses/components/BalanceSummary.tsx(16,3): error TS2614: Module '"@/components/ui/*"' has no exported member 'TableCell'. Did you mean to use 'import TableCell from "@/components/ui/*"' instead?
src/features/expenses/components/BalanceSummary.tsx(17,3): error TS2614: Module '"@/components/ui/*"' has no exported member 'TableHead'. Did you mean to use 'import TableHead from "@/components/ui/*"' instead?
src/features/expenses/components/BalanceSummary.tsx(18,3): error TS2614: Module '"@/components/ui/*"' has no exported member 'TableHeader'. Did you mean to use 'import TableHeader from "@/components/ui/*"' instead?
src/features/expenses/components/BalanceSummary.tsx(19,3): error TS2614: Module '"@/components/ui/*"' has no exported member 'TableRow'. Did you mean to use 'import TableRow from "@/components/ui/*"' instead?
src/features/expenses/components/BalanceSummary.tsx(21,10): error TS2614: Module '"@radix-ui/react-icons"' has no exported member 'ChevronDownIcon'. Did you mean to use 'import ChevronDownIcon from "@radix-ui/react-icons"' instead?
src/features/expenses/components/BalanceSummary.tsx(21,27): error TS2614: Module '"@radix-ui/react-icons"' has no exported member 'ChevronUpIcon'. Did you mean to use 'import ChevronUpIcon from "@radix-ui/react-icons"' instead?
src/features/expenses/components/BalanceSummary.tsx(21,42): error TS2614: Module '"@radix-ui/react-icons"' has no exported member 'ArrowRightIcon'. Did you mean to use 'import ArrowRightIcon from "@radix-ui/react-icons"' instead?
src/features/expenses/components/BalanceSummary.tsx(29,10): error TS2614: Module '"@/components/ui/*"' has no exported member 'Modal'. Did you mean to use 'import Modal from "@/components/ui/*"' instead?
src/features/expenses/components/BalanceSummary.tsx(29,17): error TS2614: Module '"@/components/ui/*"' has no exported member 'ModalContent'. Did you mean to use 'import ModalContent from "@/components/ui/*"' instead?
src/features/expenses/components/BalanceSummary.tsx(29,31): error TS2614: Module '"@/components/ui/*"' has no exported member 'ModalHeader'. Did you mean to use 'import ModalHeader from "@/components/ui/*"' instead?
src/features/expenses/components/BalanceSummary.tsx(29,44): error TS2614: Module '"@/components/ui/*"' has no exported member 'ModalFooter'. Did you mean to use 'import ModalFooter from "@/components/ui/*"' instead?
src/features/expenses/components/BalanceSummary.tsx(29,57): error TS2614: Module '"@/components/ui/*"' has no exported member 'ModalBody'. Did you mean to use 'import ModalBody from "@/components/ui/*"' instead?
src/features/expenses/components/BalanceSummary.tsx(30,10): error TS2614: Module '"@/components/ui/*"' has no exported member 'Checkbox'. Did you mean to use 'import Checkbox from "@/components/ui/*"' instead?
src/features/expenses/components/ExpenseFiltersForm.tsx(5,10): error TS2614: Module '"@/components/ui/*"' has no exported member 'Badge'. Did you mean to use 'import Badge from "@/components/ui/*"' instead?
src/features/expenses/components/ExpenseFiltersForm.tsx(6,10): error TS2614: Module '"@/components/ui/*"' has no exported member 'Checkbox'. Did you mean to use 'import Checkbox from "@/components/ui/*"' instead?
src/features/expenses/components/ExpenseFiltersForm.tsx(8,10): error TS2614: Module '"@/components/ui/*"' has no exported member 'Popover'. Did you mean to use 'import Popover from "@/components/ui/*"' instead?
src/features/expenses/components/ExpenseFiltersForm.tsx(8,19): error TS2614: Module '"@/components/ui/*"' has no exported member 'PopoverContent'. Did you mean to use 'import PopoverContent from "@/components/ui/*"' instead?
src/features/expenses/components/ExpenseFiltersForm.tsx(8,35): error TS2614: Module '"@/components/ui/*"' has no exported member 'PopoverTrigger'. Did you mean to use 'import PopoverTrigger from "@/components/ui/*"' instead?
src/features/expenses/components/ExpenseFiltersForm.tsx(9,10): error TS2614: Module '"@/components/ui/*"' has no exported member 'Separator'. Did you mean to use 'import Separator from "@/components/ui/*"' instead?
src/features/expenses/components/ExpenseFiltersForm.tsx(66,48): error TS2345: Argument of type 'import("C:/Users/bleno/Videos/despesas-b-f/src/types/global").PaymentMethod' is not assignable to parameter of type 'import("C:/Users/bleno/Videos/despesas-b-f/src/features/expenses/types").PaymentMethod'.
  Type '"dinheiro"' is not assignable to type 'PaymentMethod'.
src/features/expenses/components/ExpenseFiltersForm.tsx(70,20): error TS2345: Argument of type '(prev: ExpenseFilter) => { paymentMethods: ("dinheiro" | "cartao_credito" | "cartao_debito" | "pix" | "transferencia" | "boleto" | "money" | "other" | "credit_card" | "debit_card" | "bank_transfer")[] | undefined; ... 11 more ...; tags?: string[] | undefined; }' is not assignable to parameter of type 'SetStateAction<ExpenseFilter>'.
  Type '(prev: ExpenseFilter) => { paymentMethods: ("dinheiro" | "cartao_credito" | "cartao_debito" | "pix" | "transferencia" | "boleto" | "money" | "other" | "credit_card" | "debit_card" | "bank_transfer")[] | undefined; ... 11 more ...; tags?: string[] | undefined; }' is not assignable to type '(prevState: ExpenseFilter) => ExpenseFilter'.
    Call signature return types '{ paymentMethods: ("dinheiro" | "cartao_credito" | "cartao_debito" | "pix" | "transferencia" | "boleto" | "money" | "other" | "credit_card" | "debit_card" | "bank_transfer")[] | undefined; ... 11 more ...; tags?: string[] | undefined; }' and 'ExpenseFilter' are incompatible.
      The types of 'paymentMethods' are incompatible between these types.
        Type '("dinheiro" | "cartao_credito" | "cartao_debito" | "pix" | "transferencia" | "boleto" | "money" | "other" | "credit_card" | "debit_card" | "bank_transfer")[] | undefined' is not assignable to type 'PaymentMethod[] | undefined'.
          Type '("dinheiro" | "cartao_credito" | "cartao_debito" | "pix" | "transferencia" | "boleto" | "money" | "other" | "credit_card" | "debit_card" | "bank_transfer")[]' is not assignable to type 'PaymentMethod[]'.
            Type '"dinheiro" | "cartao_credito" | "cartao_debito" | "pix" | "transferencia" | "boleto" | "money" | "other" | "credit_card" | "debit_card" | "bank_transfer"' is not assignable to type 'PaymentMethod'.
              Type '"dinheiro"' is not assignable to type 'PaymentMethod'.
src/features/expenses/components/ExpenseFiltersForm.tsx(332,60): error TS2345: Argument of type 'import("C:/Users/bleno/Videos/despesas-b-f/src/types/global").PaymentMethod' is not assignable to parameter of type 'import("C:/Users/bleno/Videos/despesas-b-f/src/features/expenses/types").PaymentMethod'.
  Type '"dinheiro"' is not assignable to type 'PaymentMethod'.
src/features/expenses/components/ExpenseFiltersForm.tsx(341,67): error TS2345: Argument of type 'import("C:/Users/bleno/Videos/despesas-b-f/src/types/global").PaymentMethod' is not assignable to parameter of type 'import("C:/Users/bleno/Videos/despesas-b-f/src/features/expenses/types").PaymentMethod'.
  Type '"dinheiro"' is not assignable to type 'PaymentMethod'.
src/features/expenses/components/ExpenseForm.tsx(8,10): error TS2614: Module '"@/components/ui/*"' has no exported member 'Textarea'. Did you mean to use 'import Textarea from "@/components/ui/*"' instead?
src/features/expenses/components/ExpenseForm.tsx(17,3): error TS2614: Module '"@/components/ui/*"' has no exported member 'Form'. Did you mean to use 'import Form from "@/components/ui/*"' instead?
src/features/expenses/components/ExpenseForm.tsx(18,3): error TS2614: Module '"@/components/ui/*"' has no exported member 'FormControl'. Did you mean to use 'import FormControl from "@/components/ui/*"' instead?
src/features/expenses/components/ExpenseForm.tsx(19,3): error TS2614: Module '"@/components/ui/*"' has no exported member 'FormField'. Did you mean to use 'import FormField from "@/components/ui/*"' instead?
src/features/expenses/components/ExpenseForm.tsx(20,3): error TS2614: Module '"@/components/ui/*"' has no exported member 'FormItem'. Did you mean to use 'import FormItem from "@/components/ui/*"' instead?
src/features/expenses/components/ExpenseForm.tsx(21,3): error TS2614: Module '"@/components/ui/*"' has no exported member 'FormLabel'. Did you mean to use 'import FormLabel from "@/components/ui/*"' instead?
src/features/expenses/components/ExpenseForm.tsx(22,3): error TS2614: Module '"@/components/ui/*"' has no exported member 'FormMessage'. Did you mean to use 'import FormMessage from "@/components/ui/*"' instead?
src/features/expenses/components/ExpenseForm.tsx(26,10): error TS2614: Module '"@/components/ui/*"' has no exported member 'Separator'. Did you mean to use 'import Separator from "@/components/ui/*"' instead?
src/features/expenses/components/ExpenseForm.tsx(29,3): error TS6133: 'Plus' is declared but its value is never read.
src/features/expenses/components/ExpenseForm.tsx(34,10): error TS2614: Module '"@/components/ui/*"' has no exported member 'Popover'. Did you mean to use 'import Popover from "@/components/ui/*"' instead?
src/features/expenses/components/ExpenseForm.tsx(34,19): error TS2614: Module '"@/components/ui/*"' has no exported member 'PopoverContent'. Did you mean to use 'import PopoverContent from "@/components/ui/*"' instead?
src/features/expenses/components/ExpenseForm.tsx(34,35): error TS2614: Module '"@/components/ui/*"' has no exported member 'PopoverTrigger'. Did you mean to use 'import PopoverTrigger from "@/components/ui/*"' instead?
src/features/expenses/components/ExpenseForm.tsx(42,10): error TS2614: Module '"@/components/ui/*"' has no exported member 'Checkbox'. Did you mean to use 'import Checkbox from "@/components/ui/*"' instead?
src/features/expenses/components/ExpenseForm.tsx(43,10): error TS2614: Module '"@/components/ui/*"' has no exported member 'RadioGroup'. Did you mean to use 'import RadioGroup from "@/components/ui/*"' instead?
src/features/expenses/components/ExpenseForm.tsx(43,22): error TS2614: Module '"@/components/ui/*"' has no exported member 'RadioGroupItem'. Did you mean to use 'import RadioGroupItem from "@/components/ui/*"' instead?
src/features/expenses/components/ExpenseForm.tsx(121,89): error TS2339: Property 'split' does not exist on type 'Expense'.
src/features/expenses/components/ExpenseForm.tsx(122,90): error TS2339: Property 'split' does not exist on type 'Expense'.
src/features/expenses/components/ExpenseForm.tsx(123,87): error TS2339: Property 'split' does not exist on type 'Expense'.
src/features/expenses/components/ExpenseForm.tsx(123,112): error TS7006: Parameter 'p' implicitly has an 'any' type.
src/features/expenses/components/ExpenseForm.tsx(126,14): error TS2339: Property 'split' does not exist on type 'Expense'.
src/features/expenses/components/ExpenseForm.tsx(126,43): error TS7006: Parameter 'p' implicitly has an 'any' type.
src/features/expenses/components/ExpenseForm.tsx(147,7): error TS2322: Type 'string' is not assignable to type '"dinheiro" | "cartao_credito" | "cartao_debito" | "pix" | "transferencia" | "boleto" | undefined'.
src/features/expenses/components/ExpenseForm.tsx(150,7): error TS2322: Type '{ frequency: "weekly" | "monthly" | "yearly"; interval?: number | undefined; endDate?: string | undefined; } | undefined' is not assignable to type '{ type?: "diario" | "semanal" | "mensal" | "anual" | undefined; interval?: number | undefined; endDate?: Date | undefined; } | undefined'.
  Type '{ frequency: "weekly" | "monthly" | "yearly"; interval?: number | undefined; endDate?: string | undefined; }' is not assignable to type '{ type?: "diario" | "semanal" | "mensal" | "anual" | undefined; interval?: number | undefined; endDate?: Date | undefined; }'.
    Types of property 'endDate' are incompatible.
      Type 'string | undefined' is not assignable to type 'Date | undefined'.
        Type 'string' is not assignable to type 'Date'.
src/features/expenses/components/ExpenseForm.tsx(177,7): error TS2322: Type '{ type: "diario" | "semanal" | "mensal" | "anual"; interval: number; endDate?: Date | undefined; } | undefined' is not assignable to type 'Recurrence | undefined'.
  Property 'frequency' is missing in type '{ type: "diario" | "semanal" | "mensal" | "anual"; interval: number; endDate?: Date | undefined; }' but required in type 'Recurrence'.
src/features/expenses/components/ExpenseForm.tsx(206,45): error TS2345: Argument of type '(data: ExpenseFormValues) => void' is not assignable to parameter of type 'SubmitHandler<TFieldValues>'.
  Types of parameters 'data' and 'data' are incompatible.
    Type 'TFieldValues' is not assignable to type '{ title: string; date: Date; amount: number; categoryId: string; paymentMethod: "dinheiro" | "cartao_credito" | "cartao_debito" | "pix" | "transferencia" | "boleto"; accountId?: string | undefined; notes?: string | undefined; recurrence?: { ...; } | undefined; installment?: { ...; } | undefined; tags?: string | unde...'.
      Type 'FieldValues' is missing the following properties from type '{ title: string; date: Date; amount: number; categoryId: string; paymentMethod: "dinheiro" | "cartao_credito" | "cartao_debito" | "pix" | "transferencia" | "boleto"; accountId?: string | undefined; notes?: string | undefined; recurrence?: { ...; } | undefined; installment?: { ...; } | undefined; tags?: string | unde...': title, date, amount, categoryId, paymentMethod
src/features/expenses/components/ExpenseForm.tsx(212,28): error TS7031: Binding element 'field' implicitly has an 'any' type.
src/features/expenses/components/ExpenseForm.tsx(243,28): error TS7031: Binding element 'field' implicitly has an 'any' type.
src/features/expenses/components/ExpenseForm.tsx(280,28): error TS7031: Binding element 'field' implicitly has an 'any' type.
src/features/expenses/components/ExpenseForm.tsx(306,28): error TS7031: Binding element 'field' implicitly has an 'any' type.
src/features/expenses/components/ExpenseForm.tsx(334,26): error TS7031: Binding element 'field' implicitly has an 'any' type.
src/features/expenses/components/ExpenseForm.tsx(376,26): error TS7031: Binding element 'field' implicitly has an 'any' type.
src/features/expenses/components/ExpenseForm.tsx(440,82): error TS2339: Property 'displayName' does not exist on type 'User'.
src/features/expenses/components/ExpenseList.tsx(5,10): error TS2614: Module '"@/components/ui/*"' has no exported member 'Badge'. Did you mean to use 'import Badge from "@/components/ui/*"' instead?
src/features/expenses/components/ExpenseList.tsx(19,3): error TS2614: Module '"@/components/ui/*"' has no exported member 'DropdownMenu'. Did you mean to use 'import DropdownMenu from "@/components/ui/*"' instead?
src/features/expenses/components/ExpenseList.tsx(20,3): error TS2614: Module '"@/components/ui/*"' has no exported member 'DropdownMenuContent'. Did you mean to use 'import DropdownMenuContent from "@/components/ui/*"' instead?
src/features/expenses/components/ExpenseList.tsx(21,3): error TS2614: Module '"@/components/ui/*"' has no exported member 'DropdownMenuItem'. Did you mean to use 'import DropdownMenuItem from "@/components/ui/*"' instead?
src/features/expenses/components/ExpenseList.tsx(22,3): error TS2614: Module '"@/components/ui/*"' has no exported member 'DropdownMenuSeparator'. Did you mean to use 'import DropdownMenuSeparator from "@/components/ui/*"' instead?
src/features/expenses/components/ExpenseList.tsx(23,3): error TS2614: Module '"@/components/ui/*"' has no exported member 'DropdownMenuTrigger'. Did you mean to use 'import DropdownMenuTrigger from "@/components/ui/*"' instead?
src/features/expenses/components/ExpenseList.tsx(27,1): error TS6133: 'toast' is declared but its value is never read.
src/features/expenses/components/ExpenseList.tsx(34,1): error TS6192: All imports in import declaration are unused.
src/features/expenses/components/ExpenseList.tsx(40,11): error TS6196: 'Category' is declared but never used.
src/features/expenses/components/ExpenseList.tsx(106,24): error TS2345: Argument of type '(page: { items: Expense[]; }) => void' is not assignable to parameter of type '(value: QueryPage, index: number, array: QueryPage[]) => void'.
  Types of parameters 'page' and 'value' are incompatible.
    Type 'QueryPage' is not assignable to type '{ items: Expense[]; }'.
      Types of property 'items' are incompatible.
        Type 'FlexibleExpense[]' is not assignable to type 'Expense[]'.
          Type 'FlexibleExpense' is not assignable to type 'Expense'.
            Types of property 'title' are incompatible.
              Type 'string | undefined' is not assignable to type 'string'.
                Type 'undefined' is not assignable to type 'string'.
src/features/expenses/components/ExpenseList.tsx(164,27): error TS2339: Property 'pages' does not exist on type 'never'.
src/features/expenses/components/ExpensesDashboard.tsx(14,55): error TS2353: Object literal may only specify known properties, and 'householdId' does not exist in type 'ExpenseListOptions'.
src/features/expenses/components/ExpensesDashboard.tsx(15,10): error TS6133: 'showNewExpenseForm' is declared but its value is never read.
src/features/expenses/components/ExpenseSummaryCard.tsx(1,10): error TS6133: 'TrendingUp' is declared but its value is never read.
src/features/expenses/components/ExpenseSummaryCard.tsx(1,22): error TS6133: 'TrendingDown' is declared but its value is never read.
src/features/expenses/components/ExpenseSummaryCard.tsx(19,3): error TS6133: 'remaining' is declared but its value is never read.
src/features/expenses/components/ExpenseSummaryCard.tsx(22,3): error TS6133: 'variationFromLastMonth' is declared but its value is never read.
src/features/expenses/components/ExportButton.tsx(2,3): error TS2614: Module '"@/components/ui/*"' has no exported member 'Sheet'. Did you mean to use 'import Sheet from "@/components/ui/*"' instead?
src/features/expenses/components/ExportButton.tsx(3,3): error TS2614: Module '"@/components/ui/*"' has no exported member 'SheetClose'. Did you mean to use 'import SheetClose from "@/components/ui/*"' instead?
src/features/expenses/components/ExportButton.tsx(4,3): error TS2614: Module '"@/components/ui/*"' has no exported member 'SheetContent'. Did you mean to use 'import SheetContent from "@/components/ui/*"' instead?
src/features/expenses/components/ExportButton.tsx(5,3): error TS2614: Module '"@/components/ui/*"' has no exported member 'SheetHeader'. Did you mean to use 'import SheetHeader from "@/components/ui/*"' instead?
src/features/expenses/components/ExportButton.tsx(6,3): error TS2614: Module '"@/components/ui/*"' has no exported member 'SheetTitle'. Did you mean to use 'import SheetTitle from "@/components/ui/*"' instead?
src/features/expenses/components/ExportButton.tsx(7,3): error TS2614: Module '"@/components/ui/*"' has no exported member 'SheetTrigger'. Did you mean to use 'import SheetTrigger from "@/components/ui/*"' instead?
src/features/expenses/components/ExportButton.tsx(12,10): error TS2614: Module '"@/components/ui/*"' has no exported member 'Checkbox'. Did you mean to use 'import Checkbox from "@/components/ui/*"' instead?
src/features/expenses/components/ExportButton.tsx(13,10): error TS2614: Module '"@/components/ui/*"' has no exported member 'Form'. Did you mean to use 'import Form from "@/components/ui/*"' instead?
src/features/expenses/components/ExportButton.tsx(13,16): error TS2614: Module '"@/components/ui/*"' has no exported member 'FormField'. Did you mean to use 'import FormField from "@/components/ui/*"' instead?
src/features/expenses/components/ExportButton.tsx(13,27): error TS2614: Module '"@/components/ui/*"' has no exported member 'FormControl'. Did you mean to use 'import FormControl from "@/components/ui/*"' instead?
src/features/expenses/components/ExportButton.tsx(13,40): error TS2614: Module '"@/components/ui/*"' has no exported member 'FormLabel'. Did you mean to use 'import FormLabel from "@/components/ui/*"' instead?
src/features/expenses/components/ExportButton.tsx(13,51): error TS2614: Module '"@/components/ui/*"' has no exported member 'FormItem'. Did you mean to use 'import FormItem from "@/components/ui/*"' instead?
src/features/expenses/components/ExportButton.tsx(28,10): error TS2614: Module '"@/components/ui/*"' has no exported member 'Popover'. Did you mean to use 'import Popover from "@/components/ui/*"' instead?
src/features/expenses/components/ExportButton.tsx(28,19): error TS2614: Module '"@/components/ui/*"' has no exported member 'PopoverContent'. Did you mean to use 'import PopoverContent from "@/components/ui/*"' instead?
src/features/expenses/components/ExportButton.tsx(28,35): error TS2614: Module '"@/components/ui/*"' has no exported member 'PopoverTrigger'. Did you mean to use 'import PopoverTrigger from "@/components/ui/*"' instead?
src/features/expenses/components/ExportButton.tsx(54,5): error TS2322: Type 'Resolver<{ startDate: Date; endDate: Date; format: "csv" | "pdf" | "image"; includeCategories?: boolean | undefined; includePayers?: boolean | undefined; includeNotes?: boolean | undefined; }, any, { ...; }>' is not assignable to type 'Resolver<{ startDate: Date; endDate: Date; format: "csv" | "pdf" | "image"; includeCategories: boolean; includePayers: boolean; includeNotes: boolean; }, any, { startDate: Date; ... 4 more ...; includeNotes: boolean; }>'.
  Types of parameters 'options' and 'options' are incompatible.
    Type 'ResolverOptions<{ startDate: Date; endDate: Date; format: "csv" | "pdf" | "image"; includeCategories: boolean; includePayers: boolean; includeNotes: boolean; }>' is not assignable to type 'ResolverOptions<{ startDate: Date; endDate: Date; format: "csv" | "pdf" | "image"; includeCategories?: boolean | undefined; includePayers?: boolean | undefined; includeNotes?: boolean | undefined; }>'.
      Type 'boolean | undefined' is not assignable to type 'boolean'.
        Type 'undefined' is not assignable to type 'boolean'.
src/features/expenses/components/ExportButton.tsx(80,47): error TS2345: Argument of type 'UseMutateFunction<void, Error, ExportConfig, unknown>' is not assignable to parameter of type 'SubmitHandler<TFieldValues>'.
  Types of parameters 'variables' and 'data' are incompatible.
    Type 'TFieldValues' is not assignable to type 'ExportConfig'.
      Type 'FieldValues' is missing the following properties from type 'ExportConfig': startDate, endDate, format, includeCategories, and 2 more.
src/features/expenses/components/ExportButton.tsx(85,28): error TS7031: Binding element 'field' implicitly has an 'any' type.
src/features/expenses/components/ExportButton.tsx(113,30): error TS7031: Binding element 'field' implicitly has an 'any' type.
src/features/expenses/components/ExportButton.tsx(150,30): error TS7031: Binding element 'field' implicitly has an 'any' type.
src/features/expenses/components/ExportButton.tsx(197,30): error TS7031: Binding element 'field' implicitly has an 'any' type.
src/features/expenses/components/ExportButton.tsx(215,30): error TS7031: Binding element 'field' implicitly has an 'any' type.
src/features/expenses/components/ExportButton.tsx(233,30): error TS7031: Binding element 'field' implicitly has an 'any' type.
src/features/expenses/components/MobileDashboard.tsx(1,8): error TS6133: 'React' is declared but its value is never read.
src/features/expenses/components/MobileDashboard.tsx(4,3): error TS6133: 'Calendar' is declared but its value is never read.
src/features/expenses/components/MobileDashboard.tsx(11,23): error TS7016: Could not find a declaration file for module '../../../components/ui/badge'. 'C:/Users/bleno/Videos/despesas-b-f/src/components/ui/badge.jsx' implicitly has an 'any' type.
src/features/expenses/components/MobileDashboard.tsx(12,26): error TS7016: Could not find a declaration file for module '../../../components/ui/progress'. 'C:/Users/bleno/Videos/despesas-b-f/src/components/ui/progress.jsx' implicitly has an 'any' type.
src/features/expenses/components/MobileDashboard.tsx(38,32): error TS6133: 'predictUpcomingExpenses' is declared but its value is never read.
src/features/expenses/components/MobileDashboard.tsx(266,67): error TS6133: 'index' is declared but its value is never read.
src/features/expenses/components/MobileDashboard.tsx(329,55): error TS6133: 'index' is declared but its value is never read.
src/features/expenses/components/MobileDashboard.tsx(408,72): error TS6133: 'index' is declared but its value is never read.
src/features/expenses/components/QuickAddButton.tsx(1,10): error TS2614: Module '"@/components/ui/*"' has no exported member 'Sheet'. Did you mean to use 'import Sheet from "@/components/ui/*"' instead?
src/features/expenses/components/QuickAddButton.tsx(1,17): error TS2614: Module '"@/components/ui/*"' has no exported member 'SheetTrigger'. Did you mean to use 'import SheetTrigger from "@/components/ui/*"' instead?
src/features/expenses/components/QuickAddButton.tsx(1,31): error TS2614: Module '"@/components/ui/*"' has no exported member 'SheetContent'. Did you mean to use 'import SheetContent from "@/components/ui/*"' instead?
src/features/expenses/components/QuickExpenseForm.tsx(3,1): error TS6133: 'format' is declared but its value is never read.
src/features/expenses/components/QuickExpenseForm.tsx(4,1): error TS6133: 'ptBR' is declared but its value is never read.
src/features/expenses/components/QuickExpenseForm.tsx(13,3): error TS2614: Module '"@/components/ui/*"' has no exported member 'Form'. Did you mean to use 'import Form from "@/components/ui/*"' instead?
src/features/expenses/components/QuickExpenseForm.tsx(14,3): error TS2614: Module '"@/components/ui/*"' has no exported member 'FormControl'. Did you mean to use 'import FormControl from "@/components/ui/*"' instead?
src/features/expenses/components/QuickExpenseForm.tsx(15,3): error TS2614: Module '"@/components/ui/*"' has no exported member 'FormField'. Did you mean to use 'import FormField from "@/components/ui/*"' instead?
src/features/expenses/components/QuickExpenseForm.tsx(16,3): error TS2614: Module '"@/components/ui/*"' has no exported member 'FormItem'. Did you mean to use 'import FormItem from "@/components/ui/*"' instead?
src/features/expenses/components/QuickExpenseForm.tsx(122,28): error TS7031: Binding element 'field' implicitly has an 'any' type.
src/features/expenses/components/Sidebar.tsx(2,29): error TS2307: Cannot find module 'next/navigation' or its corresponding type declarations.
src/features/expenses/components/Sidebar.tsx(4,18): error TS2307: Cannot find module 'next/link' or its corresponding type declarations.
src/features/expenses/components/SmartExpenseInput.tsx(3,1): error TS6133: 'ATTACHMENTS_ENABLED' is declared but its value is never read.
src/features/expenses/components/SmartExpenseInput.tsx(4,24): error TS2307: Cannot find module '../ui/button' or its corresponding type declarations.
src/features/expenses/components/SmartExpenseInput.tsx(5,23): error TS2307: Cannot find module '../ui/input' or its corresponding type declarations.
src/features/expenses/components/SmartExpenseInput.tsx(6,26): error TS2307: Cannot find module '../ui/textarea' or its corresponding type declarations.
src/features/expenses/components/SmartExpenseInput.tsx(7,58): error TS2307: Cannot find module '../ui/card' or its corresponding type declarations.
src/features/expenses/components/SmartExpenseInput.tsx(8,1): error TS6133: 'Badge' is declared but its value is never read.
src/features/expenses/components/SmartExpenseInput.tsx(8,23): error TS2307: Cannot find module '../ui/badge' or its corresponding type declarations.
src/features/expenses/components/SmartExpenseInput.tsx(59,5): error TS2552: Cannot find name 'setAttachments'. Did you mean 'attachments'?
src/features/expenses/components/SmartExpenseInput.tsx(82,26): error TS7006: Parameter 'e' implicitly has an 'any' type.
src/features/expenses/components/SmartExpenseInput.tsx(96,26): error TS7006: Parameter 'e' implicitly has an 'any' type.
src/features/expenses/hooks/__tests__/useExpenses.test.tsx(93,27): error TS2339: Property 'isIdle' does not exist on type 'UseQueryResult<Expense[], Error>'.
  Property 'isIdle' does not exist on type 'QueryObserverRefetchErrorResult<Expense[], Error>'.
src/features/expenses/hooks/__tests__/useExpenses.test.tsx(163,27): error TS2345: Argument of type '{ id: string; description: string; amount: number; }' is not assignable to parameter of type '{ id: string; data: Partial<ExpenseFormData>; }'.
  Property 'data' is missing in type '{ id: string; description: string; amount: number; }' but required in type '{ id: string; data: Partial<ExpenseFormData>; }'.
src/features/expenses/hooks/useExpenseCategories.ts(14,7): error TS2322: Type 'import("C:/Users/bleno/Videos/despesas-b-f/src/types/global").Category[]' is not assignable to type 'import("C:/Users/bleno/Videos/despesas-b-f/src/types/index").Category[]'.
  Type 'Category' is missing the following properties from type 'Category': version, createdAt, createdBy
src/features/expenses/hooks/useExpenseCategories.ts(16,15): error TS2339: Property 'usageCount' does not exist on type 'Category'.
src/features/expenses/hooks/useExpenseCategories.ts(16,31): error TS2339: Property 'usageCount' does not exist on type 'Category'.
src/features/expenses/hooks/useExpenseCategories.ts(17,20): error TS2339: Property 'usageCount' does not exist on type 'Category'.
src/features/expenses/hooks/useExpenseCategories.ts(17,35): error TS2339: Property 'usageCount' does not exist on type 'Category'.
src/features/expenses/hooks/useExpenses.ts(300,9): error TS2322: Type 'ExpenseFilter | undefined' is not assignable to type 'ExpenseFilter'.
  Type 'undefined' is not assignable to type 'ExpenseFilter'.
src/features/expenses/hooks/useExpenses.ts(383,40): error TS2345: Argument of type 'string | undefined' is not assignable to parameter of type 'string'.
  Type 'undefined' is not assignable to type 'string'.
src/features/expenses/hooks/useExpenses.ts(390,43): error TS2345: Argument of type 'string | undefined' is not assignable to parameter of type 'PaymentMethod'.
  Type 'undefined' is not assignable to type 'PaymentMethod'.
src/features/expenses/hooks/useHouseholdBalance.ts(4,1): error TS6133: 'MonthlyBalanceReport' is declared but its value is never read.
src/features/expenses/hooks/useNewExpenseWatcher.ts(15,9): error TS6133: 'queryClient' is declared but its value is never read.
src/features/expenses/pages/ExpensesPage_clean.tsx(5,1): error TS6133: 'Badge' is declared but its value is never read.
src/features/expenses/pages/ExpensesPage_clean.tsx(5,10): error TS2614: Module '"@/components/ui/*"' has no exported member 'Badge'. Did you mean to use 'import Badge from "@/components/ui/*"' instead?
src/features/expenses/pages/ExpensesPage_clean.tsx(7,3): error TS2614: Module '"@/components/ui/*"' has no exported member 'Sheet'. Did you mean to use 'import Sheet from "@/components/ui/*"' instead?
src/features/expenses/pages/ExpensesPage_clean.tsx(8,3): error TS2614: Module '"@/components/ui/*"' has no exported member 'SheetContent'. Did you mean to use 'import SheetContent from "@/components/ui/*"' instead?
src/features/expenses/pages/ExpensesPage_clean.tsx(9,3): error TS2614: Module '"@/components/ui/*"' has no exported member 'SheetDescription'. Did you mean to use 'import SheetDescription from "@/components/ui/*"' instead?
src/features/expenses/pages/ExpensesPage_clean.tsx(10,3): error TS2614: Module '"@/components/ui/*"' has no exported member 'SheetHeader'. Did you mean to use 'import SheetHeader from "@/components/ui/*"' instead?
src/features/expenses/pages/ExpensesPage_clean.tsx(11,3): error TS2614: Module '"@/components/ui/*"' has no exported member 'SheetTitle'. Did you mean to use 'import SheetTitle from "@/components/ui/*"' instead?
src/features/expenses/pages/ExpensesPage_clean.tsx(12,3): error TS2614: Module '"@/components/ui/*"' has no exported member 'SheetTrigger'. Did you mean to use 'import SheetTrigger from "@/components/ui/*"' instead?
src/features/expenses/pages/ExpensesPage_clean.tsx(25,3): error TS6133: 'MoreVertical' is declared but its value is never read.
src/features/expenses/pages/ExpensesPage_clean.tsx(26,3): error TS6133: 'TrendingUp' is declared but its value is never read.
src/features/expenses/pages/ExpensesPage_clean.tsx(27,3): error TS6133: 'X' is declared but its value is never read.
src/features/expenses/pages/ExpensesPage_clean.tsx(59,10): error TS6133: 'headerCollapsed' is declared but its value is never read.
src/features/expenses/pages/ExpensesPage_clean.tsx(61,9): error TS6133: 'navigate' is declared but its value is never read.
src/features/expenses/pages/ExpensesPage_clean.tsx(62,9): error TS6133: 'exportReport' is declared but its value is never read.
src/features/expenses/pages/ExpensesPage_clean.tsx(65,38): error TS6133: 'householdLoading' is declared but its value is never read.
src/features/expenses/pages/ExpensesPage_clean.tsx(369,11): error TS2322: Type '(expense: Expense) => void' is not assignable to type '(expense: FlexibleExpense) => void'.
  Types of parameters 'expense' and 'expense' are incompatible.
    Type 'FlexibleExpense' is not assignable to type 'Expense'.
      Types of property 'title' are incompatible.
        Type 'string | undefined' is not assignable to type 'string'.
          Type 'undefined' is not assignable to type 'string'.
src/features/expenses/pages/ExpensesPage_original.tsx(4,1): error TS6133: 'Input' is declared but its value is never read.
src/features/expenses/pages/ExpensesPage_original.tsx(5,1): error TS6133: 'Badge' is declared but its value is never read.
src/features/expenses/pages/ExpensesPage_original.tsx(5,10): error TS2614: Module '"@/components/ui/*"' has no exported member 'Badge'. Did you mean to use 'import Badge from "@/components/ui/*"' instead?
src/features/expenses/pages/ExpensesPage_original.tsx(6,1): error TS6192: All imports in import declaration are unused.
src/features/expenses/pages/ExpensesPage_original.tsx(7,3): error TS2614: Module '"@/components/ui/*"' has no exported member 'Sheet'. Did you mean to use 'import Sheet from "@/components/ui/*"' instead?
src/features/expenses/pages/ExpensesPage_original.tsx(8,3): error TS2614: Module '"@/components/ui/*"' has no exported member 'SheetContent'. Did you mean to use 'import SheetContent from "@/components/ui/*"' instead?
src/features/expenses/pages/ExpensesPage_original.tsx(9,3): error TS2614: Module '"@/components/ui/*"' has no exported member 'SheetDescription'. Did you mean to use 'import SheetDescription from "@/components/ui/*"' instead?
src/features/expenses/pages/ExpensesPage_original.tsx(10,3): error TS2614: Module '"@/components/ui/*"' has no exported member 'SheetHeader'. Did you mean to use 'import SheetHeader from "@/components/ui/*"' instead?
src/features/expenses/pages/ExpensesPage_original.tsx(11,3): error TS2614: Module '"@/components/ui/*"' has no exported member 'SheetTitle'. Did you mean to use 'import SheetTitle from "@/components/ui/*"' instead?
src/features/expenses/pages/ExpensesPage_original.tsx(12,3): error TS2614: Module '"@/components/ui/*"' has no exported member 'SheetTrigger'. Did you mean to use 'import SheetTrigger from "@/components/ui/*"' instead?
src/features/expenses/pages/ExpensesPage_original.tsx(14,1): error TS6192: All imports in import declaration are unused.
src/features/expenses/pages/ExpensesPage_original.tsx(21,1): error TS6192: All imports in import declaration are unused.
src/features/expenses/pages/ExpensesPage_original.tsx(30,1): error TS6133: 'motion' is declared but its value is never read.
src/features/expenses/pages/ExpensesPage_original.tsx(33,1): error TS6133: 'ExpenseSummaryCard' is declared but its value is never read.
src/features/expenses/pages/ExpensesPage_original.tsx(34,1): error TS6133: 'ExpenseList' is declared but its value is never read.
src/features/expenses/pages/ExpensesPage_original.tsx(35,1): error TS6133: 'ExpenseForm' is declared but its value is never read.
src/features/expenses/pages/ExpensesPage_original.tsx(36,1): error TS6133: 'ExpenseFiltersForm' is declared but its value is never read.
src/features/expenses/pages/ExpensesPage_original.tsx(52,24): error TS6133: 'setCurrentMonth' is declared but its value is never read.
src/features/expenses/pages/ExpensesPage_original.tsx(53,10): error TS6133: 'showMonthPicker' is declared but its value is never read.
src/features/expenses/pages/ExpensesPage_original.tsx(53,27): error TS6133: 'setShowMonthPicker' is declared but its value is never read.
src/features/expenses/pages/ExpensesPage_original.tsx(56,10): error TS6133: 'showExpenseForm' is declared but its value is never read.
src/features/expenses/pages/ExpensesPage_original.tsx(58,10): error TS6133: 'showFilters' is declared but its value is never read.
src/features/expenses/pages/ExpensesPage_original.tsx(58,23): error TS6133: 'setShowFilters' is declared but its value is never read.
src/features/expenses/pages/ExpensesPage_original.tsx(60,10): error TS6133: 'headerCollapsed' is declared but its value is never read.
src/features/expenses/pages/ExpensesPage_original.tsx(108,9): error TS6133: 'navigate' is declared but its value is never read.
src/features/expenses/pages/ExpensesPage_original.tsx(109,9): error TS6133: 'exportReport' is declared but its value is never read.
src/features/expenses/pages/ExpensesPage_original.tsx(167,9): error TS6133: 'filteredExpenses' is declared but its value is never read.
src/features/expenses/pages/ExpensesPage_original.tsx(219,9): error TS6133: 'activeFilterCount' is declared but its value is never read.
src/features/expenses/pages/ExpensesPage_original.tsx(272,9): error TS6133: 'summaryData' is declared but its value is never read.
src/features/expenses/pages/ExpensesPage_original.tsx(295,9): error TS6133: 'handleFiltersChange' is declared but its value is never read.
src/features/expenses/pages/ExpensesPage_original.tsx(299,9): error TS6133: 'handleResetFilters' is declared but its value is never read.
src/features/expenses/pages/ExpensesPage_original.tsx(305,9): error TS6133: 'handleCreateExpense' is declared but its value is never read.
src/features/expenses/pages/ExpensesPage_original.tsx(394,9): error TS6133: 'handleUpdateExpense' is declared but its value is never read.
src/features/expenses/pages/ExpensesPage_original.tsx(406,9): error TS6133: 'handleDeleteExpense' is declared but its value is never read.
src/features/expenses/pages/ExpensesPage_original.tsx(417,9): error TS6133: 'handleDuplicateExpense' is declared but its value is never read.
src/features/expenses/pages/ExpensesPage_original.tsx(431,9): error TS6133: 'handleEditExpense' is declared but its value is never read.
src/features/expenses/pages/ExpensesPage_original.tsx(492,9): error TS6133: 'handleShowExportDialog' is declared but its value is never read.
src/features/expenses/pages/ExpensesPage_original.tsx(548,32): error TS2304: Cannot find name 'filteredExpenses'.
src/features/expenses/pages/ExpensesPage_original.tsx(548,53): error TS7006: Parameter 'expense' implicitly has an 'any' type.
src/features/expenses/pages/ExpensesPage_original.tsx(551,20): error TS2304: Cannot find name 'categories'.
src/features/expenses/pages/ExpensesPage_original.tsx(551,36): error TS7006: Parameter 'c' implicitly has an 'any' type.
src/features/expenses/pages/ExpensesPage_original.tsx(557,43): error TS2304: Cannot find name 'currentMonth'.
src/features/expenses/pages/ExpensesPage_original.tsx(563,26): error TS2304: Cannot find name 'currentMonth'.
src/features/expenses/pages/ExpensesPage_original.tsx(564,26): error TS2304: Cannot find name 'filteredExpenses'.
src/features/expenses/pages/ExpensesPage_original.tsx(564,51): error TS7006: Parameter 'sum' implicitly has an 'any' type.
src/features/expenses/pages/ExpensesPage_original.tsx(564,56): error TS7006: Parameter 'exp' implicitly has an 'any' type.
src/features/expenses/pages/ExpensesPage_original.tsx(566,21): error TS2304: Cannot find name 'filteredExpenses'.
src/features/expenses/pages/ExpensesPage_original.tsx(566,46): error TS7006: Parameter 'sum' implicitly has an 'any' type.
src/features/expenses/pages/ExpensesPage_original.tsx(566,51): error TS7006: Parameter 'exp' implicitly has an 'any' type.
src/features/expenses/pages/ExpensesPage_original.tsx(567,31): error TS2304: Cannot find name 'categories'.
src/features/expenses/pages/ExpensesPage_original.tsx(567,46): error TS7006: Parameter 'cat' implicitly has an 'any' type.
src/features/expenses/pages/ExpensesPage_original.tsx(568,38): error TS2304: Cannot find name 'filteredExpenses'.
src/features/expenses/pages/ExpensesPage_original.tsx(568,62): error TS7006: Parameter 'exp' implicitly has an 'any' type.
src/features/expenses/pages/ExpensesPage_original.tsx(569,53): error TS7006: Parameter 'sum' implicitly has an 'any' type.
src/features/expenses/pages/ExpensesPage_original.tsx(569,58): error TS7006: Parameter 'exp' implicitly has an 'any' type.
src/features/expenses/pages/ExpensesPage_original.tsx(573,27): error TS2304: Cannot find name 'filteredExpenses'.
src/features/expenses/pages/ExpensesPage_original.tsx(573,67): error TS2304: Cannot find name 'filteredExpenses'.
src/features/expenses/pages/ExpensesPage_original.tsx(573,92): error TS7006: Parameter 'sum' implicitly has an 'any' type.
src/features/expenses/pages/ExpensesPage_original.tsx(573,97): error TS7006: Parameter 'exp' implicitly has an 'any' type.
src/features/expenses/pages/ExpensesPage_original.tsx(576,21): error TS7006: Parameter 'cat' implicitly has an 'any' type.
src/features/expenses/pages/ExpensesPage_original.tsx(600,15): error TS2304: Cannot find name 'exportReport'.
src/features/expenses/pages/ExpensesPage_original.tsx(614,9): error TS6133: 'handleImportExpenses' is declared but its value is never read.
src/features/expenses/pages/ExpensesPage_original.tsx(629,9): error TS6133: 'handleViewReports' is declared but its value is never read.
src/features/expenses/pages/ExpensesPage_original.tsx(630,5): error TS2304: Cannot find name 'navigate'.
src/features/expenses/pages/ExpensesPage_original.tsx(633,3): error TS1108: A 'return' statement can only be used within a function body.
src/features/expenses/pages/ManageExpense.tsx(24,25): error TS6133: 'setSelectedMonth' is declared but its value is never read.
src/features/expenses/pages/ManageExpense.tsx(25,28): error TS6133: 'setSelectedCategory' is declared but its value is never read.
src/features/expenses/services/__tests__/expenseService.test.ts(33,5): error TS2322: Type 'Date' is not assignable to type 'string'.
src/features/expenses/services/__tests__/expenseService.test.ts(52,43): error TS2554: Expected 3 arguments, but got 1.
src/features/expenses/services/__tests__/expenseService.test.ts(79,28): error TS2554: Expected 3 arguments, but got 1.
src/features/expenses/services/__tests__/expenseService.test.ts(148,37): error TS2339: Property 'calculateSplit' does not exist on type 'ExpenseService'.
src/features/expenses/services/__tests__/expenseService.test.ts(163,37): error TS2339: Property 'calculateSplit' does not exist on type 'ExpenseService'.
src/features/expenses/services/__tests__/expenseService.test.ts(177,37): error TS2339: Property 'calculateSplit' does not exist on type 'ExpenseService'.
src/features/expenses/services/__tests__/expenseService.test.ts(215,43): error TS2339: Property 'getExpensesByDateRange' does not exist on type 'ExpenseService'.
src/features/expenses/services/balanceService.ts(69,9): error TS2365: Operator '>=' cannot be applied to types 'string' and 'Date'.
src/features/expenses/services/balanceService.ts(70,9): error TS2365: Operator '<=' cannot be applied to types 'string' and 'Date'.
src/features/expenses/services/balanceService.ts(83,53): error TS2339: Property 'isShared' does not exist on type 'Expense'.
src/features/expenses/services/balanceService.ts(132,8): error TS2769: No overload matches this call.
  Overload 1 of 2, '(changeCallback: (obj: Expense, ctx: { value: Expense; }) => boolean | void): PromiseExtended<number>', gave the following error.
    Object literal may only specify known properties, and 'settledRecordId' does not exist in type '(obj: Expense, ctx: { value: Expense; }) => boolean | void'.
  Overload 2 of 2, '(changes: UpdateSpec<Expense>): PromiseExtended<number>', gave the following error.
    Type 'Date' is not assignable to type 'string | PropModification | undefined'.
src/features/expenses/services/budgetService.ts(5,1): error TS6133: 'expenseService' is declared but its value is never read.
src/features/expenses/services/csvExport.ts(2,1): error TS6133: 'ptBR' is declared but its value is never read.
src/features/expenses/services/expenseService.ts(26,14): error TS2339: Property 'tags' does not exist on type 'ExpenseFormData'.
src/features/expenses/services/expenseService.ts(85,11): error TS2322: Type '{ updatedAt: any; syncVersion: number; tags?: any; split?: { mode: "equal" | "percentage" | "exact"; participants?: Array<{ memberId: string; percentage?: number; amount?: number; }>; visibility?: "personal" | "shared"; tags?: string[]; }; ... 9 more ...; installment?: Installment | undefined; }' is not assignable to type 'Partial<Expense>'.
  Types of property 'date' are incompatible.
    Type 'Date | undefined' is not assignable to type 'string | undefined'.
      Type 'Date' is not assignable to type 'string'.
src/features/expenses/services/expenseService.ts(87,16): error TS2339: Property 'accountId' does not exist on type 'Partial<ExpenseFormData>'.
src/features/expenses/services/expenseService.ts(90,16): error TS2339: Property 'tags' does not exist on type 'Partial<ExpenseFormData>'.
src/features/expenses/services/expenseService.ts(90,36): error TS2339: Property 'tags' does not exist on type 'Partial<ExpenseFormData>'.
src/features/expenses/services/expenseService.ts(342,29): error TS18048: 'expense.attachments' is possibly 'undefined'.
src/features/expenses/services/expenseService.ts(342,70): error TS2339: Property 'id' does not exist on type 'string | Attachment'.
  Property 'id' does not exist on type 'string'.
src/features/expenses/services/expenseService.ts(345,24): error TS18048: 'expense.attachments' is possibly 'undefined'.
src/features/expenses/services/expenseService.ts(348,36): error TS2339: Property 'blobRef' does not exist on type 'string | Attachment'.
  Property 'blobRef' does not exist on type 'string'.
src/features/expenses/services/expenseService.ts(351,5): error TS18048: 'expense.attachments' is possibly 'undefined'.
src/features/expenses/services/expenseService.ts(369,42): error TS2345: Argument of type 'string | undefined' is not assignable to parameter of type 'string'.
  Type 'undefined' is not assignable to type 'string'.
src/features/expenses/services/expenseService.ts(374,45): error TS2345: Argument of type 'string | undefined' is not assignable to parameter of type 'PaymentMethod'.
  Type 'undefined' is not assignable to type 'PaymentMethod'.
src/features/expenses/services/exportService.ts(5,1): error TS6133: 'ptBR' is declared but its value is never read.
src/features/expenses/services/exportService.ts(7,24): error TS6196: 'Category' is declared but never used.
src/features/expenses/services/exportService.ts(7,34): error TS6196: 'Member' is declared but never used.
src/features/expenses/services/exportService.ts(7,42): error TS6196: 'User' is declared but never used.
src/features/expenses/services/exportService.ts(93,33): error TS2345: Argument of type 'string | undefined' is not assignable to parameter of type 'string'.
  Type 'undefined' is not assignable to type 'string'.
src/features/expenses/services/exportService.ts(94,29): error TS2345: Argument of type 'string | undefined' is not assignable to parameter of type 'string'.
  Type 'undefined' is not assignable to type 'string'.
src/features/expenses/services/exportService.ts(103,24): error TS2345: Argument of type 'import("C:/Users/bleno/Videos/despesas-b-f/src/features/expenses/types/expense").Expense[]' is not assignable to parameter of type 'import("C:/Users/bleno/Videos/despesas-b-f/src/types/index").Expense[]'.
  Type 'import("C:/Users/bleno/Videos/despesas-b-f/src/features/expenses/types/expense").Expense' is not assignable to type 'import("C:/Users/bleno/Videos/despesas-b-f/src/types/index").Expense'.
    Types of property 'attachments' are incompatible.
      Type 'string[] | Attachment[] | undefined' is not assignable to type 'string[] | undefined'.
        Type 'Attachment[]' is not assignable to type 'string[]'.
          Type 'Attachment' is not assignable to type 'string'.
src/features/expenses/services/exportService.ts(103,55): error TS2345: Argument of type 'string | undefined' is not assignable to parameter of type 'string'.
  Type 'undefined' is not assignable to type 'string'.
src/features/expenses/services/exportService.ts(106,24): error TS2345: Argument of type 'import("C:/Users/bleno/Videos/despesas-b-f/src/features/expenses/types/expense").Expense[]' is not assignable to parameter of type 'import("C:/Users/bleno/Videos/despesas-b-f/src/types/index").Expense[]'.
  Type 'import("C:/Users/bleno/Videos/despesas-b-f/src/features/expenses/types/expense").Expense' is not assignable to type 'import("C:/Users/bleno/Videos/despesas-b-f/src/types/index").Expense'.
    Types of property 'attachments' are incompatible.
      Type 'string[] | Attachment[] | undefined' is not assignable to type 'string[] | undefined'.
        Type 'Attachment[]' is not assignable to type 'string[]'.
          Type 'Attachment' is not assignable to type 'string'.
src/features/expenses/services/exportService.ts(106,53): error TS2345: Argument of type 'string | undefined' is not assignable to parameter of type 'string'.
  Type 'undefined' is not assignable to type 'string'.
src/features/expenses/services/exportService.ts(126,50): error TS2345: Argument of type 'string | undefined' is not assignable to parameter of type 'string'.
  Type 'undefined' is not assignable to type 'string'.
src/features/expenses/services/exportService.ts(127,46): error TS2345: Argument of type 'string | undefined' is not assignable to parameter of type 'string'.
  Type 'undefined' is not assignable to type 'string'.
src/features/expenses/services/exportService.ts(255,5): error TS6133: 'options' is declared but its value is never read.
src/features/expenses/types/balance.ts(106,35): error TS2345: Argument of type 'string | undefined' is not assignable to parameter of type 'string'.
  Type 'undefined' is not assignable to type 'string'.
src/features/households/hooks/useHousehold.ts(21,27): error TS2352: Conversion of type 'BaseModel | undefined' to type 'Household' may be a mistake because neither type sufficiently overlaps with the other. If this was intentional, convert the expression to 'unknown' first.
  Type 'BaseModel' is missing the following properties from type 'Household': name, ownerId
src/features/households/hooks/useHouseholdMembers.ts(47,71): error TS2345: Argument of type 'string' is not assignable to parameter of type 'MemberRole'.
src/features/households/services/inviteService.ts(1,1): error TS6133: 'format' is declared but its value is never read.
src/features/households/services/inviteService.ts(2,32): error TS2307: Cannot find module 'nanoid' or its corresponding type declarations.
src/features/households/services/inviteService.ts(3,10): error TS6133: 'addDoc' is declared but its value is never read.
src/features/households/services/inviteService.ts(14,33): error TS2304: Cannot find name 'BaseModel'.
src/features/households/services/inviteService.ts(42,52): error TS2344: Type 'Invite' does not satisfy the constraint 'BaseModel'.
  Type 'Invite' is missing the following properties from type 'BaseModel': id, version, createdAt, createdBy
src/features/households/services/inviteService.ts(54,5): error TS2322: Type 'string' is not assignable to type 'Invite'.
src/features/households/services/inviteService.ts(141,39): error TS2344: Type 'Invite' does not satisfy the constraint 'BaseModel'.
  Type 'Invite' is missing the following properties from type 'BaseModel': id, version, createdAt, createdBy
src/features/households/services/inviteService.ts(154,33): error TS2339: Property 'env' does not exist on type 'ImportMeta'.
src/features/households/types/index.ts(73,10): error TS2367: This comparison appears to be unintentional because the types 'MemberRole' and '"guest"' have no overlap.
src/features/medications/components/MedicationDetails.tsx(6,1): error TS6133: 'IntakeHistory' is declared but its value is never read.
src/features/medications/components/MedicationDetails.tsx(201,31): error TS2339: Property 'sideEffects' does not exist on type 'Medication'.
src/features/medications/components/MedicationDetails.tsx(201,57): error TS2339: Property 'sideEffects' does not exist on type 'Medication'.
src/features/medications/components/MedicationDetails.tsx(208,37): error TS2339: Property 'sideEffects' does not exist on type 'Medication'.
src/features/medications/components/MedicationDetails.tsx(208,54): error TS7006: Parameter 'effect' implicitly has an 'any' type.
src/features/medications/components/MedicationDetails.tsx(208,62): error TS7006: Parameter 'index' implicitly has an 'any' type.
src/features/medications/components/MedicationDetails.tsx(220,31): error TS2339: Property 'indications' does not exist on type 'Medication'.
src/features/medications/components/MedicationDetails.tsx(220,57): error TS2339: Property 'indications' does not exist on type 'Medication'.
src/features/medications/components/MedicationDetails.tsx(226,37): error TS2339: Property 'indications' does not exist on type 'Medication'.
src/features/medications/components/MedicationDetails.tsx(226,54): error TS7006: Parameter 'indication' implicitly has an 'any' type.
src/features/medications/components/MedicationDetails.tsx(226,66): error TS7006: Parameter 'index' implicitly has an 'any' type.
src/features/medications/components/MedicationDetails.tsx(240,27): error TS2339: Property 'notes' does not exist on type 'Medication'.
src/features/medications/components/MedicationDetails.tsx(243,86): error TS2339: Property 'notes' does not exist on type 'Medication'.
src/features/medications/components/MedicationForm.tsx(2,19): error TS6133: 'Package' is declared but its value is never read.
src/features/medications/components/MedicationForm.tsx(2,28): error TS6133: 'AlertTriangle' is declared but its value is never read.
src/features/medications/components/MedicationForm.tsx(4,1): error TS6133: 'MedicationFormData' is declared but its value is never read.
src/features/medications/components/MedicationForm.tsx(46,9): error TS6133: 'forms' is declared but its value is never read.
src/features/medications/components/MedicationForm.tsx(47,9): error TS6133: 'units' is declared but its value is never read.
src/features/medications/components/NextDoseCard.tsx(3,22): error TS6133: 'MedicationIntake' is declared but its value is never read.
src/features/medications/components/NextDoseCard.tsx(102,9): error TS6133: 'currentDate' is declared but its value is never read.
src/features/medications/hooks/useMedications.ts(4,10): error TS6133: 'Medication' is declared but its value is never read.
src/features/medications/hooks/useMedications.ts(4,42): error TS6133: 'MedicationFilter' is declared but its value is never read.
src/features/medications/hooks/useMedications.ts(4,83): error TS6133: 'MedicationIntake' is declared but its value is never read.
src/features/medications/pages/MedicationsPage.tsx(1,8): error TS6133: 'React' is declared but its value is never read.
src/features/medications/pages/MedicationsPage.tsx(2,74): error TS6133: 'Package' is declared but its value is never read.
src/features/medications/services/medicationService.ts(4,19): error TS6133: 'addHours' is declared but its value is never read.
src/features/medications/services/medicationService.ts(4,29): error TS6133: 'addMinutes' is declared but its value is never read.
src/features/medications/services/medicationService.ts(4,73): error TS6133: 'format' is declared but its value is never read.
src/features/medications/services/medicationService.ts(24,7): error TS2353: Object literal may only specify known properties, and 'instructions' does not exist in type 'Medication'.
src/features/medications/services/medicationService.ts(24,26): error TS2339: Property 'instructions' does not exist on type 'MedicationFormData'.
src/features/medications/services/medicationService.ts(25,25): error TS2339: Property 'sideEffects' does not exist on type 'MedicationFormData'.
src/features/medications/services/medicationService.ts(27,22): error TS2339: Property 'pharmacy' does not exist on type 'MedicationFormData'.
src/features/medications/services/medicationService.ts(28,18): error TS2339: Property 'cost' does not exist on type 'MedicationFormData'.
src/features/medications/services/medicationService.ts(32,23): error TS2339: Property 'reminders' does not exist on type 'MedicationFormData'.
src/features/medications/services/medicationService.ts(33,18): error TS2339: Property 'tags' does not exist on type 'MedicationFormData'.
src/features/medications/services/medicationService.ts(53,7): error TS2353: Object literal may only specify known properties, and 'syncVersion' does not exist in type 'Partial<Medication>'.
src/features/medications/services/medicationService.ts(198,11): error TS18048: 'med.tags' is possibly 'undefined'.
src/features/medications/services/medicationService.ts(219,36): error TS2663: Cannot find name 'getMedicationsExpiringSoon'. Did you mean the instance member 'this.getMedicationsExpiringSoon'?
src/features/medications/services/medicationService.ts(221,70): error TS2339: Property 'cost' does not exist on type 'Medication'.
src/features/medications/services/medicationService.ts(268,24): error TS2345: Argument of type '{ medicationId: string; dateTimePlanned: Date; status: "pending"; dosageTaken: number; }' is not assignable to parameter of type 'Omit<MedicationIntake, "id">'.
  Property 'medication' is missing in type '{ medicationId: string; dateTimePlanned: Date; status: "pending"; dosageTaken: number; }' but required in type 'Omit<MedicationIntake, "id">'.
src/features/medications/services/medicationService.ts(451,7): error TS2353: Object literal may only specify known properties, and 'syncVersion' does not exist in type 'UpdateSpec<Medication> | ((obj: Medication, ctx: { value: any; primKey: IndexableType; }) => boolean | void)'.
src/features/medications/services/medicationService.ts(507,18): error TS2339: Property 'isActive' does not exist on type 'MedicationFilter'.
src/features/medications/services/medicationService.ts(508,20): error TS2339: Property 'isActive' does not exist on type 'MedicationFilter'.
src/features/medications/services/medicationService.ts(517,18): error TS2551: Property 'isLowStock' does not exist on type 'MedicationFilter'. Did you mean 'lowStock'?
src/features/medications/services/medicationService.ts(519,20): error TS2551: Property 'isLowStock' does not exist on type 'MedicationFilter'. Did you mean 'lowStock'?
src/features/medications/services/medicationService.ts(523,18): error TS2339: Property 'prescribedBy' does not exist on type 'MedicationFilter'.
src/features/medications/services/medicationService.ts(523,41): error TS2339: Property 'prescribedBy' does not exist on type 'MedicationFilter'.
src/features/medications/services/medicationService.ts(524,42): error TS2339: Property 'prescribedBy' does not exist on type 'MedicationFilter'.
src/features/medications/services/medicationService.ts(528,18): error TS2339: Property 'tags' does not exist on type 'MedicationFilter'.
src/features/medications/services/medicationService.ts(528,33): error TS2339: Property 'tags' does not exist on type 'MedicationFilter'.
src/features/medications/services/medicationService.ts(529,39): error TS2339: Property 'tags' does not exist on type 'MedicationFilter'.
src/features/medications/services/medicationService.ts(529,49): error TS7006: Parameter 'tag' implicitly has an 'any' type.
src/features/medications/services/medicationService.ts(529,56): error TS18048: 'med.tags' is possibly 'undefined'.
src/features/medications/services/medicationService.ts(539,29): error TS18048: 'med.tags' is possibly 'undefined'.
src/features/medications/services/medicationService.ts(562,27): error TS2339: Property 'cost' does not exist on type 'Medication'.
src/features/medications/services/medicationService.ts(562,43): error TS2339: Property 'cost' does not exist on type 'Medication'.
src/features/notifications/components/ActivityFeed.tsx(1,8): error TS6133: 'React' is declared but its value is never read.
src/features/notifications/components/NotificationButton.tsx(1,8): error TS6133: 'React' is declared but its value is never read.
src/features/notifications/components/NotificationCenter.tsx(1,8): error TS6133: 'React' is declared but its value is never read.
src/features/notifications/components/NotificationCenter.tsx(25,10): error TS6133: 'format' is declared but its value is never read.
src/features/notifications/components/NotificationCenter.tsx(95,9): error TS6133: 'getPriorityIcon' is declared but its value is never read.
src/features/notifications/components/NotificationCenter.tsx(104,9): error TS6133: 'getPriorityColor' is declared but its value is never read.
src/features/notifications/hooks/useNotifications.ts(5,3): error TS6196: 'Notification' is declared but never used.
src/features/notifications/hooks/useNotifications.ts(8,3): error TS6196: 'NotificationFilter' is declared but never used.
src/features/reports/components/Charts.tsx(8,3): error TS6133: 'LineChart' is declared but its value is never read.
src/features/reports/components/Charts.tsx(77,24): error TS6133: 'entry' is declared but its value is never read.
src/features/reports/components/Charts.tsx(139,18): error TS2322: Type '(entry: any) => "#ef4444" | "#10b981" | "#f59e0b"' is not assignable to type 'string'.
src/features/reports/hooks/useReports.ts(8,3): error TS6133: 'OverallReport' is declared but its value is never read.
src/features/reports/hooks/useReports.ts(115,9): error TS6133: 'currentHousehold' is declared but its value is never read.
src/features/reports/pages/ReportsPage.tsx(1,8): error TS6133: 'React' is declared but its value is never read.
src/features/reports/pages/ReportsPage.tsx(3,3): error TS6133: 'Calendar' is declared but its value is never read.
src/features/reports/pages/ReportsPage.tsx(6,3): error TS6133: 'TrendingUp' is declared but its value is never read.
src/features/reports/pages/ReportsPage.tsx(11,3): error TS6133: 'BarChart3' is declared but its value is never read.
src/features/reports/pages/ReportsPage.tsx(12,3): error TS6133: 'PieChart' is declared but its value is never read.
src/features/reports/pages/ReportsPage.tsx(13,3): error TS6133: 'LineChart' is declared but its value is never read.
src/features/reports/pages/ReportsPage.tsx(14,3): error TS6133: 'Activity' is declared but its value is never read.
src/features/reports/pages/ReportsPage.tsx(21,10): error TS2614: Module '"@/components/ui/*"' has no exported member 'Badge'. Did you mean to use 'import Badge from "@/components/ui/*"' instead?
src/features/reports/pages/ReportsPage.tsx(119,9): error TS6133: 'isLoading' is declared but its value is never read.
src/features/reports/pages/ReportsPage.tsx(325,71): error TS2339: Property 'categoryChart' does not exist on type '{ categoryChart: { data: { name: string; value: number; percentage: number; }[]; total: number; }; trendChart: { data: { month: string; expenses: number; income: number; balance: number; }[]; }; budgetChart: { ...; }; } | { ...; } | { ...; }'.
  Property 'categoryChart' does not exist on type '{ statusChart: { data: { name: string; value: number; color: string; }[]; }; priorityChart: { data: { priority: string; total: number; completed: number; percentage: number; }[]; }; productivityChart: { data: { ...; }[]; }; }'.
src/features/reports/pages/ReportsPage.tsx(335,63): error TS2339: Property 'statusChart' does not exist on type '{ categoryChart: { data: { name: string; value: number; percentage: number; }[]; total: number; }; trendChart: { data: { month: string; expenses: number; income: number; balance: number; }[]; }; budgetChart: { ...; }; } | { ...; } | { ...; }'.
  Property 'statusChart' does not exist on type '{ categoryChart: { data: { name: string; value: number; percentage: number; }[]; total: number; }; trendChart: { data: { month: string; expenses: number; income: number; balance: number; }[]; }; budgetChart: { ...; }; }'.
src/features/reports/pages/ReportsPage.tsx(349,69): error TS2339: Property 'categoryChart' does not exist on type '{ categoryChart: { data: { name: string; value: number; percentage: number; }[]; total: number; }; trendChart: { data: { month: string; expenses: number; income: number; balance: number; }[]; }; budgetChart: { ...; }; } | { ...; } | { ...; }'.
  Property 'categoryChart' does not exist on type '{ statusChart: { data: { name: string; value: number; color: string; }[]; }; priorityChart: { data: { priority: string; total: number; completed: number; percentage: number; }[]; }; productivityChart: { data: { ...; }[]; }; }'.
src/features/reports/pages/ReportsPage.tsx(353,68): error TS2339: Property 'budgetChart' does not exist on type '{ categoryChart: { data: { name: string; value: number; percentage: number; }[]; total: number; }; trendChart: { data: { month: string; expenses: number; income: number; balance: number; }[]; }; budgetChart: { ...; }; } | { ...; } | { ...; }'.
  Property 'budgetChart' does not exist on type '{ statusChart: { data: { name: string; value: number; color: string; }[]; }; priorityChart: { data: { priority: string; total: number; completed: number; percentage: number; }[]; }; productivityChart: { data: { ...; }[]; }; }'.
src/features/reports/pages/ReportsPage.tsx(358,64): error TS2339: Property 'trendChart' does not exist on type '{ categoryChart: { data: { name: string; value: number; percentage: number; }[]; total: number; }; trendChart: { data: { month: string; expenses: number; income: number; balance: number; }[]; }; budgetChart: { ...; }; } | { ...; } | { ...; }'.
  Property 'trendChart' does not exist on type '{ statusChart: { data: { name: string; value: number; color: string; }[]; }; priorityChart: { data: { priority: string; total: number; completed: number; percentage: number; }[]; }; productivityChart: { data: { ...; }[]; }; }'.
src/features/reports/pages/ReportsPage.tsx(380,58): error TS2339: Property 'description' does not exist on type 'Expense'.
src/features/reports/pages/ReportsPage.tsx(410,61): error TS2339: Property 'statusChart' does not exist on type '{ categoryChart: { data: { name: string; value: number; percentage: number; }[]; total: number; }; trendChart: { data: { month: string; expenses: number; income: number; balance: number; }[]; }; budgetChart: { ...; }; } | { ...; } | { ...; }'.
  Property 'statusChart' does not exist on type '{ categoryChart: { data: { name: string; value: number; percentage: number; }[]; total: number; }; trendChart: { data: { month: string; expenses: number; income: number; balance: number; }[]; }; budgetChart: { ...; }; }'.
src/features/reports/pages/ReportsPage.tsx(414,63): error TS2339: Property 'productivityChart' does not exist on type '{ categoryChart: { data: { name: string; value: number; percentage: number; }[]; total: number; }; trendChart: { data: { month: string; expenses: number; income: number; balance: number; }[]; }; budgetChart: { ...; }; } | { ...; } | { ...; }'.
  Property 'productivityChart' does not exist on type '{ categoryChart: { data: { name: string; value: number; percentage: number; }[]; total: number; }; trendChart: { data: { month: string; expenses: number; income: number; balance: number; }[]; }; budgetChart: { ...; }; }'.
src/features/reports/pages/ReportsPage.tsx(459,66): error TS2339: Property 'adherenceChart' does not exist on type '{ categoryChart: { data: { name: string; value: number; percentage: number; }[]; total: number; }; trendChart: { data: { month: string; expenses: number; income: number; balance: number; }[]; }; budgetChart: { ...; }; } | { ...; } | { ...; }'.
  Property 'adherenceChart' does not exist on type '{ categoryChart: { data: { name: string; value: number; percentage: number; }[]; total: number; }; trendChart: { data: { month: string; expenses: number; income: number; balance: number; }[]; }; budgetChart: { ...; }; }'.
src/features/reports/pages/ReportsPage.tsx(463,72): error TS2339: Property 'typeChart' does not exist on type '{ categoryChart: { data: { name: string; value: number; percentage: number; }[]; total: number; }; trendChart: { data: { month: string; expenses: number; income: number; balance: number; }[]; }; budgetChart: { ...; }; } | { ...; } | { ...; }'.
  Property 'typeChart' does not exist on type '{ categoryChart: { data: { name: string; value: number; percentage: number; }[]; total: number; }; trendChart: { data: { month: string; expenses: number; income: number; balance: number; }[]; }; budgetChart: { ...; }; }'.
src/features/reports/pages/ReportsPage.tsx(469,67): error TS2339: Property 'stockChart' does not exist on type '{ categoryChart: { data: { name: string; value: number; percentage: number; }[]; total: number; }; trendChart: { data: { month: string; expenses: number; income: number; balance: number; }[]; }; budgetChart: { ...; }; } | { ...; } | { ...; }'.
  Property 'stockChart' does not exist on type '{ categoryChart: { data: { name: string; value: number; percentage: number; }[]; total: number; }; trendChart: { data: { month: string; expenses: number; income: number; balance: number; }[]; }; budgetChart: { ...; }; }'.
src/features/reports/services/reportService.ts(3,1): error TS6133: 'Task' is declared but its value is never read.
src/features/reports/services/reportService.ts(4,22): error TS6133: 'MedicationIntake' is declared but its value is never read.
src/features/reports/services/reportService.ts(5,1): error TS6133: 'CalendarEvent' is declared but its value is never read.
src/features/reports/services/reportService.ts(7,79): error TS6133: 'subYears' is declared but its value is never read.
src/features/reports/services/reportService.ts(275,7): error TS2322: Type '{ categoryId: string | undefined; categoryName: string; budgetAmount: number; spentAmount: number; percentage: number; status: "under" | "over" | "near"; }[]' is not assignable to type '{ categoryId: string; categoryName: string; budgetAmount: number; spentAmount: number; percentage: number; status: "under" | "over" | "near"; }[]'.
  Type '{ categoryId: string | undefined; categoryName: string; budgetAmount: number; spentAmount: number; percentage: number; status: "under" | "over" | "near"; }' is not assignable to type '{ categoryId: string; categoryName: string; budgetAmount: number; spentAmount: number; percentage: number; status: "under" | "over" | "near"; }'.
    Types of property 'categoryId' are incompatible.
      Type 'string | undefined' is not assignable to type 'string'.
        Type 'undefined' is not assignable to type 'string'.
src/features/reports/services/reportService.ts(300,46): error TS2367: This comparison appears to be unintentional because the types '"pendente" | "em_progresso" | "concluida"' and '"completed"' have no overlap.
src/features/reports/services/reportService.ts(301,44): error TS2367: This comparison appears to be unintentional because the types '"pendente" | "em_progresso" | "concluida"' and '"pending"' have no overlap.
src/features/reports/services/reportService.ts(303,7): error TS2367: This comparison appears to be unintentional because the types '"pendente" | "em_progresso" | "concluida"' and '"completed"' have no overlap.
src/features/reports/services/reportService.ts(313,51): error TS2367: This comparison appears to be unintentional because the types '"pendente" | "em_progresso" | "concluida"' and '"completed"' have no overlap.
src/features/reports/services/reportService.ts(326,47): error TS2367: This comparison appears to be unintentional because the types '"pendente" | "em_progresso" | "concluida"' and '"completed"' have no overlap.
src/features/reports/services/reportService.ts(354,9): error TS2367: This comparison appears to be unintentional because the types '"pendente" | "em_progresso" | "concluida"' and '"completed"' have no overlap.
src/features/reports/services/reportService.ts(395,37): error TS2769: No overload matches this call.
  Overload 1 of 4, '(value: string | number | Date): Date', gave the following error.
    Argument of type 'Date | undefined' is not assignable to parameter of type 'string | number | Date'.
      Type 'undefined' is not assignable to type 'string | number | Date'.
  Overload 2 of 4, '(value: string | number): Date', gave the following error.
    Argument of type 'Date | undefined' is not assignable to parameter of type 'string | number'.
      Type 'undefined' is not assignable to type 'string | number'.
src/features/reports/services/reportService.ts(438,37): error TS2769: No overload matches this call.
  Overload 1 of 4, '(value: string | number | Date): Date', gave the following error.
    Argument of type 'Date | undefined' is not assignable to parameter of type 'string | number | Date'.
      Type 'undefined' is not assignable to type 'string | number | Date'.
  Overload 2 of 4, '(value: string | number): Date', gave the following error.
    Argument of type 'Date | undefined' is not assignable to parameter of type 'string | number'.
      Type 'undefined' is not assignable to type 'string | number'.
src/features/reports/services/reportService.ts(456,20): error TS18048: 'm.currentStock' is possibly 'undefined'.
src/features/reports/services/reportService.ts(459,59): error TS18048: 'm.currentStock' is possibly 'undefined'.
src/features/reports/services/reportService.ts(479,7): error TS2322: Type '{ medicationId: string; medicationName: string; daysRemaining: number; currentStock: number | undefined; }[]' is not assignable to type '{ medicationId: string; medicationName: string; daysRemaining: number; currentStock: number; }[]'.
  Type '{ medicationId: string; medicationName: string; daysRemaining: number; currentStock: number | undefined; }' is not assignable to type '{ medicationId: string; medicationName: string; daysRemaining: number; currentStock: number; }'.
    Types of property 'currentStock' are incompatible.
      Type 'number | undefined' is not assignable to type 'number'.
        Type 'undefined' is not assignable to type 'number'.
src/features/reports/services/reportService.ts(635,34): error TS6133: 'filename' is declared but its value is never read.
src/features/reports/services/reportService.ts(655,36): error TS6133: 'filename' is declared but its value is never read.
src/features/reports/services/reportService.ts(694,11): error TS6133: 'html2canvas' is declared but its value is never read.
src/features/reports/services/reportService.ts(861,46): error TS6133: 'reportData' is declared but its value is never read.
src/features/reports/services/reportService.ts(861,82): error TS6133: 'pageWidth' is declared but its value is never read.
src/features/reports/services/reportService.ts(875,52): error TS6133: 'reportData' is declared but its value is never read.
src/features/reports/services/reportService.ts(875,88): error TS6133: 'pageWidth' is declared but its value is never read.
src/features/reports/services/reportService.ts(889,85): error TS6133: 'pageWidth' is declared but its value is never read.
src/features/settings/hooks/useSettings.ts(2,27): error TS6133: 'NotificationSettings' is declared but its value is never read.
src/features/settings/hooks/useSettings.ts(2,49): error TS6133: 'BackupSettings' is declared but its value is never read.
src/features/settings/hooks/useSettings.ts(2,65): error TS6133: 'PrivacySettings' is declared but its value is never read.
src/features/settings/hooks/useSettings.ts(2,82): error TS6133: 'SecuritySettings' is declared but its value is never read.
src/features/settings/hooks/useSettings.ts(77,25): error TS6133: 'file' is declared but its value is never read.
src/features/settings/pages/SettingsPage.tsx(11,3): error TS6133: 'Moon' is declared but its value is never read.
src/features/settings/pages/SettingsPage.tsx(12,3): error TS6133: 'Sun' is declared but its value is never read.
src/features/settings/pages/SettingsPage.tsx(13,3): error TS6133: 'Monitor' is declared but its value is never read.
src/features/settings/pages/SettingsPage.tsx(29,9): error TS6133: 'updatePreferences' is declared but its value is never read.
src/features/settlements/components/MonthSelect.tsx(1,1): error TS6133: 'React' is declared but its value is never read.
src/features/settlements/components/MonthSelect.tsx(9,3): error TS2614: Module '"@/components/ui/*"' has no exported member 'Popover'. Did you mean to use 'import Popover from "@/components/ui/*"' instead?
src/features/settlements/components/MonthSelect.tsx(10,3): error TS2614: Module '"@/components/ui/*"' has no exported member 'PopoverContent'. Did you mean to use 'import PopoverContent from "@/components/ui/*"' instead?
src/features/settlements/components/MonthSelect.tsx(11,3): error TS2614: Module '"@/components/ui/*"' has no exported member 'PopoverTrigger'. Did you mean to use 'import PopoverTrigger from "@/components/ui/*"' instead?
src/features/settlements/components/SettlementHistory.tsx(35,22): error TS2352: Conversion of type 'BaseModel[]' to type 'Settlement[]' may be a mistake because neither type sufficiently overlaps with the other. If this was intentional, convert the expression to 'unknown' first.
  Type 'BaseModel' is missing the following properties from type 'Settlement': householdId, month, completedAt, amounts
src/features/settlements/components/SettlementSummary.tsx(3,1): error TS6133: 'Settlement' is declared but its value is never read.
src/features/settlements/services/settlementService.ts(15,12): error TS2352: Conversion of type 'BaseModel' to type 'Settlement' may be a mistake because neither type sufficiently overlaps with the other. If this was intentional, convert the expression to 'unknown' first.
  Type 'BaseModel' is missing the following properties from type 'Settlement': householdId, month, completedAt, amounts
src/features/tasks/hooks/useTasks.ts(4,30): error TS6133: 'TaskFilter' is declared but its value is never read.
src/features/tasks/services/taskService.ts(57,7): error TS2353: Object literal may only specify known properties, and 'syncVersion' does not exist in type 'Partial<Task>'.
src/features/tasks/services/taskService.ts(218,7): error TS2353: Object literal may only specify known properties, and 'syncVersion' does not exist in type 'UpdateSpec<Task> | ((obj: Task, ctx: { value: any; primKey: IndexableType; }) => boolean | void)'.
src/features/tasks/services/taskService.ts(229,7): error TS2353: Object literal may only specify known properties, and 'syncVersion' does not exist in type 'UpdateSpec<Task> | ((obj: Task, ctx: { value: any; primKey: IndexableType; }) => boolean | void)'.
src/features/tasks/services/taskService.ts(353,7): error TS2353: Object literal may only specify known properties, and 'syncVersion' does not exist in type 'UpdateSpec<Task> | ((obj: Task, ctx: { value: any; primKey: IndexableType; }) => boolean | void)'.
src/features/tasks/services/taskService.ts(370,18): error TS2339: Property 'category' does not exist on type 'TaskFilter'.
src/features/tasks/services/taskService.ts(370,37): error TS2339: Property 'category' does not exist on type 'TaskFilter'.
src/features/tasks/services/taskService.ts(371,21): error TS2339: Property 'category' does not exist on type 'TaskFilter'.
src/features/tasks/services/taskService.ts(375,18): error TS2339: Property 'assignedTo' does not exist on type 'TaskFilter'.
src/features/tasks/services/taskService.ts(375,39): error TS2339: Property 'assignedTo' does not exist on type 'TaskFilter'.
src/features/tasks/services/taskService.ts(376,41): error TS2339: Property 'assignedTo' does not exist on type 'TaskFilter'.
src/features/tasks/services/taskService.ts(380,18): error TS2339: Property 'dueDateStart' does not exist on type 'TaskFilter'.
src/features/tasks/services/taskService.ts(380,41): error TS2339: Property 'dueDateEnd' does not exist on type 'TaskFilter'.
src/features/tasks/services/taskService.ts(384,20): error TS2339: Property 'dueDateStart' does not exist on type 'TaskFilter'.
src/features/tasks/services/taskService.ts(384,53): error TS2339: Property 'dueDateStart' does not exist on type 'TaskFilter'.
src/features/tasks/services/taskService.ts(385,20): error TS2339: Property 'dueDateEnd' does not exist on type 'TaskFilter'.
src/features/tasks/services/taskService.ts(385,51): error TS2339: Property 'dueDateEnd' does not exist on type 'TaskFilter'.
src/features/tasks/services/taskService.ts(404,18): error TS2339: Property 'isOverdue' does not exist on type 'TaskFilter'.
src/features/tasks/services/taskService.ts(408,20): error TS2339: Property 'isOverdue' does not exist on type 'TaskFilter'.
src/features/tasks/services/taskService.ts(427,24): error TS7053: Element implicitly has an 'any' type because expression of type '"low" | "medium" | "high"' can't be used to index type '{ alta: number; media: number; baixa: number; }'.
  Property 'low' does not exist on type '{ alta: number; media: number; baixa: number; }'.
src/features/tasks/services/taskService.ts(427,52): error TS7053: Element implicitly has an 'any' type because expression of type '"low" | "medium" | "high"' can't be used to index type '{ alta: number; media: number; baixa: number; }'.
  Property 'low' does not exist on type '{ alta: number; media: number; baixa: number; }'.
src/features/tasks/services/taskService.ts(437,24): error TS18048: 'a.category' is possibly 'undefined'.
src/features/tasks/services/taskService.ts(437,49): error TS2769: No overload matches this call.
  Overload 1 of 3, '(that: string, locales?: LocalesArgument, options?: CollatorOptions | undefined): number', gave the following error.
    Argument of type 'string | undefined' is not assignable to parameter of type 'string'.
      Type 'undefined' is not assignable to type 'string'.
  Overload 2 of 3, '(that: string, locales?: string | string[] | undefined, options?: CollatorOptions | undefined): number', gave the following error.
    Argument of type 'string | undefined' is not assignable to parameter of type 'string'.
      Type 'undefined' is not assignable to type 'string'.
  Overload 3 of 3, '(that: string): number', gave the following error.
    Argument of type 'string | undefined' is not assignable to parameter of type 'string'.
      Type 'undefined' is not assignable to type 'string'.
src/hooks/useCamera.ts(75,43): error TS2345: Argument of type 'CameraOptions' is not assignable to parameter of type 'ImageOptions'.
  Types of property 'resultType' are incompatible.
    Type 'CameraResultType | undefined' is not assignable to type 'CameraResultType'.
      Type 'undefined' is not assignable to type 'CameraResultType'.
src/hooks/useCamera.ts(100,43): error TS2345: Argument of type 'CameraOptions' is not assignable to parameter of type 'ImageOptions'.
  Types of property 'resultType' are incompatible.
    Type 'CameraResultType | undefined' is not assignable to type 'CameraResultType'.
      Type 'undefined' is not assignable to type 'CameraResultType'.
src/hooks/useCamera.ts(198,7): error TS2322: Type 'string | undefined' is not assignable to type 'string'.
  Type 'undefined' is not assignable to type 'string'.
src/hooks/useGeolocation.ts(128,45): error TS6133: 'lat' is declared but its value is never read.
src/hooks/useGeolocation.ts(128,58): error TS6133: 'lng' is declared but its value is never read.
src/hooks/useLocalStorage.ts(1,20): error TS6133: 'useEffect' is declared but its value is never read.
src/hooks/usePerformance.ts(325,28): error TS2345: Argument of type 'string | undefined' is not assignable to parameter of type 'string'.
  Type 'undefined' is not assignable to type 'string'.
src/router.tsx(2,1): error TS6133: 'Suspense' is declared but its value is never read.
src/services/dataMigrationService.ts(123,48): error TS2345: Argument of type 'string | undefined' is not assignable to parameter of type 'string'.
  Type 'undefined' is not assignable to type 'string'.
src/services/dataMigrationService.ts(130,52): error TS2345: Argument of type '{ householdId: string; amount: number; description: string; category: string | undefined; paymentMethod: "pix" | "money" | "card" | "transfer"; createdBy: string; createdAt: string; updatedAt: FieldValue; syncVersion: number; }' is not assignable to parameter of type 'Omit<Expense, "id" | "createdAt" | "updatedAt" | "syncVersion">'.
  Types of property 'category' are incompatible.
    Type 'string | undefined' is not assignable to type 'string'.
      Type 'undefined' is not assignable to type 'string'.
src/services/firebaseCategoryService.ts(7,3): error TS6133: 'getDoc' is declared but its value is never read.
src/services/firebaseUserService.ts(4,3): error TS6133: 'addDoc' is declared but its value is never read.
src/services/firebaseUserService.ts(10,3): error TS6133: 'orderBy' is declared but its value is never read.
src/services/firebaseUserService.ts(221,22): error TS18048: 'user.syncVersion' is possibly 'undefined'.
src/services/firebaseUserService.ts(241,22): error TS18048: 'user.syncVersion' is possibly 'undefined'.
src/services/firebaseUserService.ts(267,22): error TS18048: 'user.syncVersion' is possibly 'undefined'.
src/services/firebaseUserService.ts(290,22): error TS18048: 'user.syncVersion' is possibly 'undefined'.
src/test/setup.ts(5,9): error TS2304: Cannot find name 'vi'.
src/test/setup.ts(6,19): error TS2304: Cannot find name 'vi'.
src/test/setup.ts(7,8): error TS2304: Cannot find name 'vi'.
src/test/setup.ts(19,32): error TS2304: Cannot find name 'vi'.
src/test/setup.ts(20,17): error TS6133: 'title' is declared but its value is never read.
src/test/setup.ts(20,32): error TS6133: 'options' is declared but its value is never read.
src/test/setup.ts(30,15): error TS2304: Cannot find name 'vi'.
src/test/setup.ts(32,25): error TS2304: Cannot find name 'vi'.
src/test/setup.ts(40,12): error TS2304: Cannot find name 'vi'.
src/test/setup.ts(41,12): error TS2304: Cannot find name 'vi'.
src/test/setup.ts(42,15): error TS2304: Cannot find name 'vi'.
src/test/setup.ts(43,10): error TS2304: Cannot find name 'vi'.
src/test/setup.ts(54,10): error TS2304: Cannot find name 'vi'.
src/test/setup.ts(54,37): error TS7006: Parameter 'query' implicitly has an 'any' type.
src/test/setup.ts(58,18): error TS2304: Cannot find name 'vi'.
src/test/setup.ts(59,21): error TS2304: Cannot find name 'vi'.
src/test/setup.ts(60,23): error TS2304: Cannot find name 'vi'.
src/test/setup.ts(61,26): error TS2304: Cannot find name 'vi'.
src/test/setup.ts(62,20): error TS2304: Cannot find name 'vi'.
src/utils/dateFormat.ts(6,9): error TS6133: 'formattedEnd' is declared but its value is never read.
src/utils/errorTracking.tsx(45,9): error TS2578: Unused '@ts-expect-error' directive.
src/utils/errorTracking.tsx(50,11): error TS2578: Unused '@ts-expect-error' directive.
src/utils/errorTracking.tsx(52,11): error TS2578: Unused '@ts-expect-error' directive.
src/utils/errorTracking.tsx(54,11): error TS2578: Unused '@ts-expect-error' directive.
src/utils/errorTracking.tsx(120,15): error TS2578: Unused '@ts-expect-error' directive.
src/utils/errorTracking.tsx(122,15): error TS2578: Unused '@ts-expect-error' directive.
src/utils/errorTracking.tsx(135,13): error TS2578: Unused '@ts-expect-error' directive.
src/utils/errorTracking.tsx(221,21): error TS2339: Property 'env' does not exist on type 'ImportMeta'.
src/utils/errorTracking.tsx(227,21): error TS2339: Property 'env' does not exist on type 'ImportMeta'.
src/utils/errorTracking.tsx(435,7): error TS2322: Type 'string | null | undefined' is not assignable to type 'string | undefined'.
  Type 'null' is not assignable to type 'string | undefined'.
src/utils/errorTracking.tsx(486,22): error TS2339: Property 'env' does not exist on type 'ImportMeta'.
src/utils/expenseMappers.ts(6,10): error TS2352: Conversion of type '{ id: string; householdId: string; userId: string; title: string; amount: number; currency: string; categoryId: string; paymentMethod: any; date: Date; notes: string | undefined; attachments: { ...; }[]; createdAt: Date; updatedAt: Date; deletedAt: Date | undefined; syncVersion: number; }' to type 'Expense' may be a mistake because neither type sufficiently overlaps with the other. If this was intentional, convert the expression to 'unknown' first.
  Type '{ id: string; householdId: string; userId: string; title: string; amount: number; currency: string; categoryId: string; paymentMethod: any; date: Date; notes: string | undefined; attachments: { ...; }[]; createdAt: Date; updatedAt: Date; deletedAt: Date | undefined; syncVersion: number; }' is missing the following properties from type 'Expense': version, createdBy
src/utils/expenseMappers.ts(31,5): error TS2322: Type 'string' is not assignable to type '"pix" | "money" | "card" | "transfer"'.
src/utils/expenseMappers.ts(35,5): error TS2322: Type 'string[] | Attachment[]' is not assignable to type '{ id: string; name: string; url: string; type: string; size: number; }[] | undefined'.
  Type 'string[]' is not assignable to type '{ id: string; name: string; url: string; type: string; size: number; }[]'.
    Type 'string' is not assignable to type '{ id: string; name: string; url: string; type: string; size: number; }'.
